Archive member included to satisfy reference by file (symbol)

c:/st/stm32cubeide_1.12.1/stm32cubeide/plugins/com.st.stm32cube.ide.mcu.externaltools.gnu-tools-for-stm32.10.3-2021.10.win32_1.0.200.202301161003/tools/bin/../lib/gcc/arm-none-eabi/10.3.1/../../../../arm-none-eabi/lib/thumb/v6-m/nofp\libc_nano.a(lib_a-errno.o)
                              ./Core/Src/syscalls.o (__errno)
c:/st/stm32cubeide_1.12.1/stm32cubeide/plugins/com.st.stm32cube.ide.mcu.externaltools.gnu-tools-for-stm32.10.3-2021.10.win32_1.0.200.202301161003/tools/bin/../lib/gcc/arm-none-eabi/10.3.1/../../../../arm-none-eabi/lib/thumb/v6-m/nofp\libc_nano.a(lib_a-exit.o)
                              c:/st/stm32cubeide_1.12.1/stm32cubeide/plugins/com.st.stm32cube.ide.mcu.externaltools.gnu-tools-for-stm32.10.3-2021.10.win32_1.0.200.202301161003/tools/bin/../lib/gcc/arm-none-eabi/10.3.1/../../../../arm-none-eabi/lib/thumb/v6-m/nofp/crt0.o (exit)
c:/st/stm32cubeide_1.12.1/stm32cubeide/plugins/com.st.stm32cube.ide.mcu.externaltools.gnu-tools-for-stm32.10.3-2021.10.win32_1.0.200.202301161003/tools/bin/../lib/gcc/arm-none-eabi/10.3.1/../../../../arm-none-eabi/lib/thumb/v6-m/nofp\libc_nano.a(lib_a-impure.o)
                              c:/st/stm32cubeide_1.12.1/stm32cubeide/plugins/com.st.stm32cube.ide.mcu.externaltools.gnu-tools-for-stm32.10.3-2021.10.win32_1.0.200.202301161003/tools/bin/../lib/gcc/arm-none-eabi/10.3.1/../../../../arm-none-eabi/lib/thumb/v6-m/nofp\libc_nano.a(lib_a-exit.o) (_global_impure_ptr)
c:/st/stm32cubeide_1.12.1/stm32cubeide/plugins/com.st.stm32cube.ide.mcu.externaltools.gnu-tools-for-stm32.10.3-2021.10.win32_1.0.200.202301161003/tools/bin/../lib/gcc/arm-none-eabi/10.3.1/../../../../arm-none-eabi/lib/thumb/v6-m/nofp\libc_nano.a(lib_a-init.o)
                              c:/st/stm32cubeide_1.12.1/stm32cubeide/plugins/com.st.stm32cube.ide.mcu.externaltools.gnu-tools-for-stm32.10.3-2021.10.win32_1.0.200.202301161003/tools/bin/../lib/gcc/arm-none-eabi/10.3.1/../../../../arm-none-eabi/lib/thumb/v6-m/nofp/crt0.o (__libc_init_array)
c:/st/stm32cubeide_1.12.1/stm32cubeide/plugins/com.st.stm32cube.ide.mcu.externaltools.gnu-tools-for-stm32.10.3-2021.10.win32_1.0.200.202301161003/tools/bin/../lib/gcc/arm-none-eabi/10.3.1/../../../../arm-none-eabi/lib/thumb/v6-m/nofp\libc_nano.a(lib_a-memcpy-stub.o)
                              ./Middlewares/ST/BlueNRG-2/hci/bluenrg1_events.o (memcpy)
c:/st/stm32cubeide_1.12.1/stm32cubeide/plugins/com.st.stm32cube.ide.mcu.externaltools.gnu-tools-for-stm32.10.3-2021.10.win32_1.0.200.202301161003/tools/bin/../lib/gcc/arm-none-eabi/10.3.1/../../../../arm-none-eabi/lib/thumb/v6-m/nofp\libc_nano.a(lib_a-memset.o)
                              c:/st/stm32cubeide_1.12.1/stm32cubeide/plugins/com.st.stm32cube.ide.mcu.externaltools.gnu-tools-for-stm32.10.3-2021.10.win32_1.0.200.202301161003/tools/bin/../lib/gcc/arm-none-eabi/10.3.1/../../../../arm-none-eabi/lib/thumb/v6-m/nofp/crt0.o (memset)
c:/st/stm32cubeide_1.12.1/stm32cubeide/plugins/com.st.stm32cube.ide.mcu.externaltools.gnu-tools-for-stm32.10.3-2021.10.win32_1.0.200.202301161003/tools/bin/../lib/gcc/arm-none-eabi/10.3.1/../../../../arm-none-eabi/lib/thumb/v6-m/nofp\libc_nano.a(lib_a-rand.o)
                              ./BlueNRG_2/App/app_bluenrg_2.o (srand)
c:/st/stm32cubeide_1.12.1/stm32cubeide/plugins/com.st.stm32cube.ide.mcu.externaltools.gnu-tools-for-stm32.10.3-2021.10.win32_1.0.200.202301161003/tools/bin/../lib/gcc/arm-none-eabi/10.3.1/../../../../arm-none-eabi/lib/thumb/v6-m/nofp\libc_nano.a(lib_a-assert.o)
                              c:/st/stm32cubeide_1.12.1/stm32cubeide/plugins/com.st.stm32cube.ide.mcu.externaltools.gnu-tools-for-stm32.10.3-2021.10.win32_1.0.200.202301161003/tools/bin/../lib/gcc/arm-none-eabi/10.3.1/../../../../arm-none-eabi/lib/thumb/v6-m/nofp\libc_nano.a(lib_a-rand.o) (__assert_func)
c:/st/stm32cubeide_1.12.1/stm32cubeide/plugins/com.st.stm32cube.ide.mcu.externaltools.gnu-tools-for-stm32.10.3-2021.10.win32_1.0.200.202301161003/tools/bin/../lib/gcc/arm-none-eabi/10.3.1/../../../../arm-none-eabi/lib/thumb/v6-m/nofp\libc_nano.a(lib_a-fprintf.o)
                              c:/st/stm32cubeide_1.12.1/stm32cubeide/plugins/com.st.stm32cube.ide.mcu.externaltools.gnu-tools-for-stm32.10.3-2021.10.win32_1.0.200.202301161003/tools/bin/../lib/gcc/arm-none-eabi/10.3.1/../../../../arm-none-eabi/lib/thumb/v6-m/nofp\libc_nano.a(lib_a-assert.o) (fiprintf)
c:/st/stm32cubeide_1.12.1/stm32cubeide/plugins/com.st.stm32cube.ide.mcu.externaltools.gnu-tools-for-stm32.10.3-2021.10.win32_1.0.200.202301161003/tools/bin/../lib/gcc/arm-none-eabi/10.3.1/../../../../arm-none-eabi/lib/thumb/v6-m/nofp\libc_nano.a(lib_a-malloc.o)
                              c:/st/stm32cubeide_1.12.1/stm32cubeide/plugins/com.st.stm32cube.ide.mcu.externaltools.gnu-tools-for-stm32.10.3-2021.10.win32_1.0.200.202301161003/tools/bin/../lib/gcc/arm-none-eabi/10.3.1/../../../../arm-none-eabi/lib/thumb/v6-m/nofp\libc_nano.a(lib_a-rand.o) (malloc)
[...]
Memory Configuration

Name             Origin             Length             Attributes
RAM              0x0000000020000000 0x0000000000004000 xrw
FLASH            0x0000000008000000 0x0000000000020000 xr
*default*        0x0000000000000000 0xffffffffffffffff

Linker script and memory map

LOAD c:/st/stm32cubeide_1.12.1/stm32cubeide/plugins/com.st.stm32cube.ide.mcu.externaltools.gnu-tools-for-stm32.10.3-2021.10.win32_1.0.200.202301161003/tools/bin/../lib/gcc/arm-none-eabi/10.3.1/thumb/v6-m/nofp/crti.o
LOAD c:/st/stm32cubeide_1.12.1/stm32cubeide/plugins/com.st.stm32cube.ide.mcu.externaltools.gnu-tools-for-stm32.10.3-2021.10.win32_1.0.200.202301161003/tools/bin/../lib/gcc/arm-none-eabi/10.3.1/thumb/v6-m/nofp/crtbegin.o
LOAD c:/st/stm32cubeide_1.12.1/stm32cubeide/plugins/com.st.stm32cube.ide.mcu.externaltools.gnu-tools-for-stm32.10.3-2021.10.win32_1.0.200.202301161003/tools/bin/../lib/gcc/arm-none-eabi/10.3.1/../../../../arm-none-eabi/lib/thumb/v6-m/nofp/crt0.o
LOAD ./BlueNRG_2/App/OTA.o
LOAD ./BlueNRG_2/App/app_bluenrg_2.o
LOAD ./BlueNRG_2/App/gatt_db.o
LOAD ./BlueNRG_2/App/sensor.o
LOAD ./BlueNRG_2/App/target_platform.o
LOAD ./BlueNRG_2/Target/hci_tl_interface.o
LOAD ./Core/Src/main.o
LOAD ./Core/Src/stm32f0xx_hal_msp.o
LOAD ./Core/Src/stm32f0xx_it.o
LOAD ./Core/Src/stm32f0xx_nucleo_bus.o
LOAD ./Core/Src/syscalls.o
LOAD ./Core/Src/sysmem.o
LOAD ./Core/Src/system_stm32f0xx.o
LOAD ./Core/Startup/startup_stm32f072rbtx.o
LOAD ./Drivers/BSP/STM32F0xx_Nucleo/stm32f0xx_nucleo.o
LOAD ./Drivers/STM32F0xx_HAL_Driver/Src/stm32f0xx_hal.o
LOAD ./Drivers/STM32F0xx_HAL_Driver/Src/stm32f0xx_hal_cortex.o
LOAD ./Drivers/STM32F0xx_HAL_Driver/Src/stm32f0xx_hal_dma.o
LOAD ./Drivers/STM32F0xx_HAL_Driver/Src/stm32f0xx_hal_exti.o
LOAD ./Drivers/STM32F0xx_HAL_Driver/Src/stm32f0xx_hal_flash.o
LOAD ./Drivers/STM32F0xx_HAL_Driver/Src/stm32f0xx_hal_flash_ex.o
LOAD ./Drivers/STM32F0xx_HAL_Driver/Src/stm32f0xx_hal_gpio.o
LOAD ./Drivers/STM32F0xx_HAL_Driver/Src/stm32f0xx_hal_i2c.o
LOAD ./Drivers/STM32F0xx_HAL_Driver/Src/stm32f0xx_hal_i2c_ex.o
LOAD ./Drivers/STM32F0xx_HAL_Driver/Src/stm32f0xx_hal_pwr.o
LOAD ./Drivers/STM32F0xx_HAL_Driver/Src/stm32f0xx_hal_pwr_ex.o
LOAD ./Drivers/STM32F0xx_HAL_Driver/Src/stm32f0xx_hal_rcc.o
LOAD ./Drivers/STM32F0xx_HAL_Driver/Src/stm32f0xx_hal_rcc_ex.o
LOAD ./Drivers/STM32F0xx_HAL_Driver/Src/stm32f0xx_hal_spi.o
LOAD ./Drivers/STM32F0xx_HAL_Driver/Src/stm32f0xx_hal_spi_ex.o
LOAD ./Drivers/STM32F0xx_HAL_Driver/Src/stm32f0xx_hal_tim.o
LOAD ./Drivers/STM32F0xx_HAL_Driver/Src/stm32f0xx_hal_tim_ex.o
LOAD ./Drivers/STM32F0xx_HAL_Driver/Src/stm32f0xx_hal_uart.o
LOAD ./Drivers/STM32F0xx_HAL_Driver/Src/stm32f0xx_hal_uart_ex.o
LOAD ./Middlewares/ST/BlueNRG-2/hci/bluenrg1_devConfig.o
LOAD ./Middlewares/ST/BlueNRG-2/hci/bluenrg1_events.o
LOAD ./Middlewares/ST/BlueNRG-2/hci/bluenrg1_events_cb.o
LOAD ./Middlewares/ST/BlueNRG-2/hci/bluenrg1_hci_le.o
LOAD ./Middlewares/ST/BlueNRG-2/hci/controller/bluenrg1_gap_aci.o
LOAD ./Middlewares/ST/BlueNRG-2/hci/controller/bluenrg1_gatt_aci.o
LOAD ./Middlewares/ST/BlueNRG-2/hci/controller/bluenrg1_hal_aci.o
LOAD ./Middlewares/ST/BlueNRG-2/hci/controller/bluenrg1_l2cap_aci.o
LOAD ./Middlewares/ST/BlueNRG-2/hci/hci_tl_patterns/Basic/hci_tl.o
LOAD ./Middlewares/ST/BlueNRG-2/utils/ble_list.o
START GROUP
LOAD c:/st/stm32cubeide_1.12.1/stm32cubeide/plugins/com.st.stm32cube.ide.mcu.externaltools.gnu-tools-for-stm32.10.3-2021.10.win32_1.0.200.202301161003/tools/bin/../lib/gcc/arm-none-eabi/10.3.1/../../../../arm-none-eabi/lib/thumb/v6-m/nofp\libc_nano.a
LOAD c:/st/stm32cubeide_1.12.1/stm32cubeide/plugins/com.st.stm32cube.ide.mcu.externaltools.gnu-tools-for-stm32.10.3-2021.10.win32_1.0.200.202301161003/tools/bin/../lib/gcc/arm-none-eabi/10.3.1/../../../../arm-none-eabi/lib/thumb/v6-m/nofp\libm.a
END GROUP
START GROUP
LOAD c:/st/stm32cubeide_1.12.1/stm32cubeide/plugins/com.st.stm32cube.ide.mcu.externaltools.gnu-tools-for-stm32.10.3-2021.10.win32_1.0.200.202301161003/tools/bin/../lib/gcc/arm-none-eabi/10.3.1/thumb/v6-m/nofp\libgcc.a
LOAD c:/st/stm32cubeide_1.12.1/stm32cubeide/plugins/com.st.stm32cube.ide.mcu.externaltools.gnu-tools-for-stm32.10.3-2021.10.win32_1.0.200.202301161003/tools/bin/../lib/gcc/arm-none-eabi/10.3.1/../../../../arm-none-eabi/lib/thumb/v6-m/nofp\libc_nano.a
END GROUP
START GROUP
LOAD c:/st/stm32cubeide_1.12.1/stm32cubeide/plugins/com.st.stm32cube.ide.mcu.externaltools.gnu-tools-for-stm32.10.3-2021.10.win32_1.0.200.202301161003/tools/bin/../lib/gcc/arm-none-eabi/10.3.1/thumb/v6-m/nofp\libgcc.a
LOAD c:/st/stm32cubeide_1.12.1/stm32cubeide/plugins/com.st.stm32cube.ide.mcu.externaltools.gnu-tools-for-stm32.10.3-2021.10.win32_1.0.200.202301161003/tools/bin/../lib/gcc/arm-none-eabi/10.3.1/../../../../arm-none-eabi/lib/thumb/v6-m/nofp\libc_nano.a
LOAD c:/st/stm32cubeide_1.12.1/stm32cubeide/plugins/com.st.stm32cube.ide.mcu.externaltools.gnu-tools-for-stm32.10.3-2021.10.win32_1.0.200.202301161003/tools/bin/../lib/gcc/arm-none-eabi/10.3.1/../../../../arm-none-eabi/lib/thumb/v6-m/nofp\libnosys.a
END GROUP
START GROUP
LOAD c:/st/stm32cubeide_1.12.1/stm32cubeide/plugins/com.st.stm32cube.ide.mcu.externaltools.gnu-tools-for-stm32.10.3-2021.10.win32_1.0.200.202301161003/tools/bin/../lib/gcc/arm-none-eabi/10.3.1/thumb/v6-m/nofp\libgcc.a
LOAD c:/st/stm32cubeide_1.12.1/stm32cubeide/plugins/com.st.stm32cube.ide.mcu.externaltools.gnu-tools-for-stm32.10.3-2021.10.win32_1.0.200.202301161003/tools/bin/../lib/gcc/arm-none-eabi/10.3.1/../../../../arm-none-eabi/lib/thumb/v6-m/nofp\libc_nano.a
LOAD c:/st/stm32cubeide_1.12.1/stm32cubeide/plugins/com.st.stm32cube.ide.mcu.externaltools.gnu-tools-for-stm32.10.3-2021.10.win32_1.0.200.202301161003/tools/bin/../lib/gcc/arm-none-eabi/10.3.1/../../../../arm-none-eabi/lib/thumb/v6-m/nofp\libnosys.a
END GROUP
LOAD c:/st/stm32cubeide_1.12.1/stm32cubeide/plugins/com.st.stm32cube.ide.mcu.externaltools.gnu-tools-for-stm32.10.3-2021.10.win32_1.0.200.202301161003/tools/bin/../lib/gcc/arm-none-eabi/10.3.1/thumb/v6-m/nofp/crtend.o
LOAD c:/st/stm32cubeide_1.12.1/stm32cubeide/plugins/com.st.stm32cube.ide.mcu.externaltools.gnu-tools-for-stm32.10.3-2021.10.win32_1.0.200.202301161003/tools/bin/../lib/gcc/arm-none-eabi/10.3.1/thumb/v6-m/nofp/crtn.o
                0x0000000020004000                _estack = (ORIGIN (RAM) + LENGTH (RAM))
                0x0000000000000200                _Min_Heap_Size = 0x200
                0x0000000000000400                _Min_Stack_Size = 0x400

.isr_vector     0x0000000008000000       0xc0
                0x0000000008000000                . = ALIGN (0x4)
 *(.isr_vector)
 .isr_vector    0x0000000008000000       0xc0 ./Core/Startup/startup_stm32f072rbtx.o
                0x0000000008000000                g_pfnVectors
                0x00000000080000c0                . = ALIGN (0x4)

.text           0x00000000080000c0     0xb704
                0x00000000080000c0                . = ALIGN (0x4)
 *(.text)
 .text          0x00000000080000c0       0x48 c:/st/stm32cubeide_1.12.1/stm32cubeide/plugins/com.st.stm32cube.ide.mcu.externaltools.gnu-tools-for-stm32.10.3-2021.10.win32_1.0.200.202301161003/tools/bin/../lib/gcc/arm-none-eabi/10.3.1/thumb/v6-m/nofp/crtbegin.o
 .text          0x0000000008000108       0x14 c:/st/stm32cubeide_1.12.1/stm32cubeide/plugins/com.st.stm32cube.ide.mcu.externaltools.gnu-tools-for-stm32.10.3-2021.10.win32_1.0.200.202301161003/tools/bin/../lib/gcc/arm-none-eabi/10.3.1/thumb/v6-m/nofp\libgcc.a(_thumb1_case_shi.o)
                0x0000000008000108                __gnu_thumb1_case_shi
 .text          0x000000000800011c      0x114 c:/st/stm32cubeide_1.12.1/stm32cubeide/plugins/com.st.stm32cube.ide.mcu.externaltools.gnu-tools-for-stm32.10.3-2021.10.win32_1.0.200.202301161003/tools/bin/../lib/gcc/arm-none-eabi/10.3.1/thumb/v6-m/nofp\libgcc.a(_udivsi3.o)
                0x000000000800011c                __aeabi_uidiv
                0x000000000800011c                __udivsi3
                0x0000000008000228                __aeabi_uidivmod
 .text          0x0000000008000230      0x1d4 c:/st/stm32cubeide_1.12.1/stm32cubeide/plugins/com.st.stm32cube.ide.mcu.externaltools.gnu-tools-for-stm32.10.3-2021.10.win32_1.0.200.202301161003/tools/bin/../lib/gcc/arm-none-eabi/10.3.1/thumb/v6-m/nofp\libgcc.a(_divsi3.o)
                0x0000000008000230                __divsi3
                0x0000000008000230                __aeabi_idiv
                0x00000000080003fc                __aeabi_idivmod
 .text          0x0000000008000404        0x4 c:/st/stm32cubeide_1.12.1/stm32cubeide/plugins/com.st.stm32cube.ide.mcu.externaltools.gnu-tools-for-stm32.10.3-2021.10.win32_1.0.200.202301161003/tools/bin/../lib/gcc/arm-none-eabi/10.3.1/thumb/v6-m/nofp\libgcc.a(_dvmd_tls.o)
                0x0000000008000404                __aeabi_idiv0
                0x0000000008000404                __aeabi_ldiv0
 .text          0x0000000008000408       0x40 c:/st/stm32cubeide_1.12.1/stm32cubeide/plugins/com.st.stm32cube.ide.mcu.externaltools.gnu-tools-for-stm32.10.3-2021.10.win32_1.0.200.202301161003/tools/bin/../lib/gcc/arm-none-eabi/10.3.1/thumb/v6-m/nofp\libgcc.a(_aeabi_uldivmod.o)
                0x0000000008000408                __aeabi_uldivmod
 .text          0x0000000008000448       0x5c c:/st/stm32cubeide_1.12.1/stm32cubeide/plugins/com.st.stm32cube.ide.mcu.externaltools.gnu-tools-for-stm32.10.3-2021.10.win32_1.0.200.202301161003/tools/bin/../lib/gcc/arm-none-eabi/10.3.1/thumb/v6-m/nofp\libgcc.a(_muldi3.o)
                0x0000000008000448                __muldi3
                0x0000000008000448                __aeabi_lmul
 .text          0x00000000080004a4       0x2c c:/st/stm32cubeide_1.12.1/stm32cubeide/plugins/com.st.stm32cube.ide.mcu.externaltools.gnu-tools-for-stm32.10.3-2021.10.win32_1.0.200.202301161003/tools/bin/../lib/gcc/arm-none-eabi/10.3.1/thumb/v6-m/nofp\libgcc.a(_floatundidf.o)
                0x00000000080004a4                __floatundidf
                0x00000000080004a4                __aeabi_ul2d
 .text          0x00000000080004d0      0x198 c:/st/stm32cubeide_1.12.1/stm32cubeide/plugins/com.st.stm32cube.ide.mcu.externaltools.gnu-tools-for-stm32.10.3-2021.10.win32_1.0.200.202301161003/tools/bin/../lib/gcc/arm-none-eabi/10.3.1/thumb/v6-m/nofp\libgcc.a(_udivmoddi4.o)
                0x00000000080004d0                __udivmoddi4
 .text          0x0000000008000668      0x24c c:/st/stm32cubeide_1.12.1/stm32cubeide/plugins/com.st.stm32cube.ide.mcu.externaltools.gnu-tools-for-stm32.10.3-2021.10.win32_1.0.200.202301161003/tools/bin/../lib/gcc/arm-none-eabi/10.3.1/thumb/v6-m/nofp\libgcc.a(mulsf3.o)
                0x0000000008000668                __aeabi_fmul
 .text          0x00000000080008b4       0x40 c:/st/stm32cubeide_1.12.1/stm32cubeide/plugins/com.st.stm32cube.ide.mcu.externaltools.gnu-tools-for-stm32.10.3-2021.10.win32_1.0.200.202301161003/tools/bin/../lib/gcc/arm-none-eabi/10.3.1/thumb/v6-m/nofp\libgcc.a(fixsfsi.o)
                0x00000000080008b4                __aeabi_f2iz
 .text          0x00000000080008f4      0x678 c:/st/stm32cubeide_1.12.1/stm32cubeide/plugins/com.st.stm32cube.ide.mcu.externaltools.gnu-tools-for-stm32.10.3-2021.10.win32_1.0.200.202301161003/tools/bin/../lib/gcc/arm-none-eabi/10.3.1/thumb/v6-m/nofp\libgcc.a(adddf3.o)
                0x00000000080008f4                __aeabi_dadd
 .text          0x0000000008000f6c      0x4d8 c:/st/stm32cubeide_1.12.1/stm32cubeide/plugins/com.st.stm32cube.ide.mcu.externaltools.gnu-tools-for-stm32.10.3-2021.10.win32_1.0.200.202301161003/tools/bin/../lib/gcc/arm-none-eabi/10.3.1/thumb/v6-m/nofp\libgcc.a(muldf3.o)
                0x0000000008000f6c                __aeabi_dmul
 .text          0x0000000008001444       0x4c c:/st/stm32cubeide_1.12.1/stm32cubeide/plugins/com.st.stm32cube.ide.mcu.externaltools.gnu-tools-for-stm32.10.3-2021.10.win32_1.0.200.202301161003/tools/bin/../lib/gcc/arm-none-eabi/10.3.1/thumb/v6-m/nofp\libgcc.a(floatunsidf.o)
                0x0000000008001444                __aeabi_ui2d
 .text          0x0000000008001490      0x110 c:/st/stm32cubeide_1.12.1/stm32cubeide/plugins/com.st.stm32cube.ide.mcu.externaltools.gnu-tools-for-stm32.10.3-2021.10.win32_1.0.200.202301161003/tools/bin/../lib/gcc/arm-none-eabi/10.3.1/thumb/v6-m/nofp\libgcc.a(truncdfsf2.o)
                0x0000000008001490                __aeabi_d2f
 .text          0x00000000080015a0       0x3c c:/st/stm32cubeide_1.12.1/stm32cubeide/plugins/com.st.stm32cube.ide.mcu.externaltools.gnu-tools-for-stm32.10.3-2021.10.win32_1.0.200.202301161003/tools/bin/../lib/gcc/arm-none-eabi/10.3.1/thumb/v6-m/nofp\libgcc.a(_clzsi2.o)
                0x00000000080015a0                __clzsi2
 .text          0x00000000080015dc       0x18 c:/st/stm32cubeide_1.12.1/stm32cubeide/plugins/com.st.stm32cube.ide.mcu.externaltools.gnu-tools-for-stm32.10.3-2021.10.win32_1.0.200.202301161003/tools/bin/../lib/gcc/arm-none-eabi/10.3.1/thumb/v6-m/nofp\libgcc.a(_clzdi2.o)
                0x00000000080015dc                __clzdi2
 *(.text*)
 .text.MX_BlueNRG_2_Init
                0x00000000080015f4       0x4c ./BlueNRG_2/App/app_bluenrg_2.o
                0x00000000080015f4                MX_BlueNRG_2_Init
 .text.MX_BlueNRG_2_Process
                0x0000000008001640       0x12 ./BlueNRG_2/App/app_bluenrg_2.o
                0x0000000008001640                MX_BlueNRG_2_Process
 .text.User_Init
                0x0000000008001652       0x1e ./BlueNRG_2/App/app_bluenrg_2.o
 .text.Sensor_DeviceInit
                0x0000000008001670      0x180 ./BlueNRG_2/App/app_bluenrg_2.o
 .text.User_Process
                0x00000000080017f0      0x170 ./BlueNRG_2/App/app_bluenrg_2.o
 .text.Set_Random_Environmental_Values
                0x0000000008001960       0xbc ./BlueNRG_2/App/app_bluenrg_2.o
 .text.Set_Random_Motion_Values
                0x0000000008001a1c      0xd08 ./BlueNRG_2/App/app_bluenrg_2.o
 .text.Reset_Motion_Values
                0x0000000008002724      0x160 ./BlueNRG_2/App/app_bluenrg_2.o
 .text.getBlueNRGVersion
                0x0000000008002884       0xa0 ./BlueNRG_2/App/app_bluenrg_2.o
                0x0000000008002884                getBlueNRGVersion
 .text.BSP_PB_Callback
                0x0000000008002924       0x20 ./BlueNRG_2/App/app_bluenrg_2.o
                0x0000000008002924                BSP_PB_Callback
 .text.hci_le_connection_complete_event
                0x0000000008002944       0x60 ./BlueNRG_2/App/app_bluenrg_2.o
                0x0000000008002944                hci_le_connection_complete_event
 .text.hci_disconnection_complete_event
                0x00000000080029a4       0x60 ./BlueNRG_2/App/app_bluenrg_2.o
                0x00000000080029a4                hci_disconnection_complete_event
 .text.aci_gatt_read_permit_req_event
                0x0000000008002a04       0x30 ./BlueNRG_2/App/app_bluenrg_2.o
                0x0000000008002a04                aci_gatt_read_permit_req_event
 .text.aci_gatt_attribute_modified_event
                0x0000000008002a34       0x4a ./BlueNRG_2/App/app_bluenrg_2.o
                0x0000000008002a34                aci_gatt_attribute_modified_event
 *fill*         0x0000000008002a7e        0x2 
 .text.aci_gap_pass_key_req_event
                0x0000000008002a80       0x34 ./BlueNRG_2/App/app_bluenrg_2.o
                0x0000000008002a80                aci_gap_pass_key_req_event
 .text.aci_gap_pairing_complete_event
                0x0000000008002ab4       0x38 ./BlueNRG_2/App/app_bluenrg_2.o
                0x0000000008002ab4                aci_gap_pairing_complete_event
 .text.Add_HWServW2ST_Service
                0x0000000008002aec      0x23c ./BlueNRG_2/App/gatt_db.o
                0x0000000008002aec                Add_HWServW2ST_Service
 .text.Add_SWServW2ST_Service
                0x0000000008002d28      0x17c ./BlueNRG_2/App/gatt_db.o
                0x0000000008002d28                Add_SWServW2ST_Service
 .text.Environmental_Update
                0x0000000008002ea4       0xac ./BlueNRG_2/App/gatt_db.o
                0x0000000008002ea4                Environmental_Update
 .text.Acc_Update
                0x0000000008002f50      0x13c ./BlueNRG_2/App/gatt_db.o
                0x0000000008002f50                Acc_Update
 .text.Quat_Update
                0x000000000800308c       0xa4 ./BlueNRG_2/App/gatt_db.o
                0x000000000800308c                Quat_Update
 .text.Read_Request_CB
                0x0000000008003130      0x158 ./BlueNRG_2/App/gatt_db.o
                0x0000000008003130                Read_Request_CB
 .text.Attribute_Modified_Request_CB
                0x0000000008003288       0xd0 ./BlueNRG_2/App/gatt_db.o
                0x0000000008003288                Attribute_Modified_Request_CB
 .text.Set_DeviceConnectable
                0x0000000008003358      0x11c ./BlueNRG_2/App/sensor.o
                0x0000000008003358                Set_DeviceConnectable
 .text.APP_UserEvtRx
                0x0000000008003474      0x100 ./BlueNRG_2/App/sensor.o
                0x0000000008003474                APP_UserEvtRx
 .text.HCI_TL_SPI_Enable_IRQ
                0x0000000008003574       0x10 ./BlueNRG_2/Target/hci_tl_interface.o
 .text.HCI_TL_SPI_Disable_IRQ
                0x0000000008003584       0x10 ./BlueNRG_2/Target/hci_tl_interface.o
 .text.HCI_TL_SPI_Init
                0x0000000008003594       0xbc ./BlueNRG_2/Target/hci_tl_interface.o
                0x0000000008003594                HCI_TL_SPI_Init
 .text.HCI_TL_SPI_DeInit
                0x0000000008003650       0x34 ./BlueNRG_2/Target/hci_tl_interface.o
                0x0000000008003650                HCI_TL_SPI_DeInit
 .text.HCI_TL_SPI_Reset
                0x0000000008003684       0x46 ./BlueNRG_2/Target/hci_tl_interface.o
                0x0000000008003684                HCI_TL_SPI_Reset
 *fill*         0x00000000080036ca        0x2 
 .text.HCI_TL_SPI_Receive
                0x00000000080036cc      0x120 ./BlueNRG_2/Target/hci_tl_interface.o
                0x00000000080036cc                HCI_TL_SPI_Receive
 .text.HCI_TL_SPI_Send
                0x00000000080037ec      0x134 ./BlueNRG_2/Target/hci_tl_interface.o
                0x00000000080037ec                HCI_TL_SPI_Send
 .text.IsDataAvailable
                0x0000000008003920       0x20 ./BlueNRG_2/Target/hci_tl_interface.o
 .text.hci_tl_lowlevel_init
                0x0000000008003940       0x84 ./BlueNRG_2/Target/hci_tl_interface.o
                0x0000000008003940                hci_tl_lowlevel_init
 .text.hci_tl_lowlevel_isr
                0x00000000080039c4       0x20 ./BlueNRG_2/Target/hci_tl_interface.o
                0x00000000080039c4                hci_tl_lowlevel_isr
 .text.main     0x00000000080039e4       0x1a ./Core/Src/main.o
                0x00000000080039e4                main
 .text.SystemClock_Config
                0x00000000080039fe       0xa6 ./Core/Src/main.o
                0x00000000080039fe                SystemClock_Config
 .text.MX_GPIO_Init
                0x0000000008003aa4      0x110 ./Core/Src/main.o
 .text.Error_Handler
                0x0000000008003bb4        0xa ./Core/Src/main.o
                0x0000000008003bb4                Error_Handler
 *fill*         0x0000000008003bbe        0x2 
 .text.HAL_MspInit
                0x0000000008003bc0       0x48 ./Core/Src/stm32f0xx_hal_msp.o
                0x0000000008003bc0                HAL_MspInit
 .text.NMI_Handler
                0x0000000008003c08        0x6 ./Core/Src/stm32f0xx_it.o
                0x0000000008003c08                NMI_Handler
 .text.HardFault_Handler
                0x0000000008003c0e        0x6 ./Core/Src/stm32f0xx_it.o
                0x0000000008003c0e                HardFault_Handler
 .text.SVC_Handler
                0x0000000008003c14        0xa ./Core/Src/stm32f0xx_it.o
                0x0000000008003c14                SVC_Handler
 .text.PendSV_Handler
                0x0000000008003c1e        0xa ./Core/Src/stm32f0xx_it.o
                0x0000000008003c1e                PendSV_Handler
 .text.SysTick_Handler
                0x0000000008003c28        0xe ./Core/Src/stm32f0xx_it.o
                0x0000000008003c28                SysTick_Handler
 *fill*         0x0000000008003c36        0x2 
 .text.EXTI0_1_IRQHandler
                0x0000000008003c38       0x18 ./Core/Src/stm32f0xx_it.o
                0x0000000008003c38                EXTI0_1_IRQHandler
 .text.EXTI4_15_IRQHandler
                0x0000000008003c50       0x18 ./Core/Src/stm32f0xx_it.o
                0x0000000008003c50                EXTI4_15_IRQHandler
 .text.BSP_SPI1_Init
                0x0000000008003c68       0x60 ./Core/Src/stm32f0xx_nucleo_bus.o
                0x0000000008003c68                BSP_SPI1_Init
 .text.BSP_SPI1_SendRecv
                0x0000000008003cc8       0x40 ./Core/Src/stm32f0xx_nucleo_bus.o
                0x0000000008003cc8                BSP_SPI1_SendRecv
 .text.BSP_GetTick
                0x0000000008003d08       0x10 ./Core/Src/stm32f0xx_nucleo_bus.o
                0x0000000008003d08                BSP_GetTick
 .text.MX_SPI1_Init
                0x0000000008003d18       0x90 ./Core/Src/stm32f0xx_nucleo_bus.o
                0x0000000008003d18                MX_SPI1_Init
 .text.SPI1_MspInit
                0x0000000008003da8       0xf4 ./Core/Src/stm32f0xx_nucleo_bus.o
 .text._getpid  0x0000000008003e9c        0xc ./Core/Src/syscalls.o
                0x0000000008003e9c                _getpid
 .text._kill    0x0000000008003ea8       0x20 ./Core/Src/syscalls.o
                0x0000000008003ea8                _kill
 .text._exit    0x0000000008003ec8       0x18 ./Core/Src/syscalls.o
                0x0000000008003ec8                _exit
 .text._read    0x0000000008003ee0       0x3a ./Core/Src/syscalls.o
                0x0000000008003ee0                _read
 .text._write   0x0000000008003f1a       0x38 ./Core/Src/syscalls.o
                0x0000000008003f1a                _write
 .text._close   0x0000000008003f52       0x14 ./Core/Src/syscalls.o
                0x0000000008003f52                _close
 .text._fstat   0x0000000008003f66       0x1c ./Core/Src/syscalls.o
                0x0000000008003f66                _fstat
 .text._isatty  0x0000000008003f82       0x12 ./Core/Src/syscalls.o
                0x0000000008003f82                _isatty
 .text._lseek   0x0000000008003f94       0x16 ./Core/Src/syscalls.o
                0x0000000008003f94                _lseek
 *fill*         0x0000000008003faa        0x2 
 .text._sbrk    0x0000000008003fac       0x6c ./Core/Src/sysmem.o
                0x0000000008003fac                _sbrk
 .text.SystemInit
                0x0000000008004018        0xa ./Core/Src/system_stm32f0xx.o
                0x0000000008004018                SystemInit
 *fill*         0x0000000008004022        0x2 
 .text.Reset_Handler
                0x0000000008004024       0x50 ./Core/Startup/startup_stm32f072rbtx.o
                0x0000000008004024                Reset_Handler
 .text.Default_Handler
                0x0000000008004074        0x2 ./Core/Startup/startup_stm32f072rbtx.o
                0x0000000008004074                TIM1_CC_IRQHandler
                0x0000000008004074                TSC_IRQHandler
                0x0000000008004074                ADC1_COMP_IRQHandler
                0x0000000008004074                I2C1_IRQHandler
                0x0000000008004074                RCC_CRS_IRQHandler
                0x0000000008004074                SPI1_IRQHandler
                0x0000000008004074                TIM6_DAC_IRQHandler
                0x0000000008004074                USART3_4_IRQHandler
                0x0000000008004074                EXTI2_3_IRQHandler
                0x0000000008004074                I2C2_IRQHandler
                0x0000000008004074                TIM17_IRQHandler
                0x0000000008004074                CEC_CAN_IRQHandler
                0x0000000008004074                RTC_IRQHandler
                0x0000000008004074                PVD_VDDIO2_IRQHandler
                0x0000000008004074                DMA1_Channel4_5_6_7_IRQHandler
                0x0000000008004074                TIM16_IRQHandler
                0x0000000008004074                TIM3_IRQHandler
                0x0000000008004074                DMA1_Channel1_IRQHandler
                0x0000000008004074                Default_Handler
                0x0000000008004074                TIM14_IRQHandler
                0x0000000008004074                TIM7_IRQHandler
                0x0000000008004074                TIM15_IRQHandler
                0x0000000008004074                USB_IRQHandler
                0x0000000008004074                SPI2_IRQHandler
                0x0000000008004074                WWDG_IRQHandler
                0x0000000008004074                TIM2_IRQHandler
                0x0000000008004074                DMA1_Channel2_3_IRQHandler
                0x0000000008004074                USART2_IRQHandler
                0x0000000008004074                FLASH_IRQHandler
                0x0000000008004074                USART1_IRQHandler
                0x0000000008004074                TIM1_BRK_UP_TRG_COM_IRQHandler
 *fill*         0x0000000008004076        0x2 
 .text.BSP_LED_Init
                0x0000000008004078       0x28 ./Drivers/BSP/STM32F0xx_Nucleo/stm32f0xx_nucleo.o
                0x0000000008004078                BSP_LED_Init
 .text.BSP_LED_On
                0x00000000080040a0       0x30 ./Drivers/BSP/STM32F0xx_Nucleo/stm32f0xx_nucleo.o
                0x00000000080040a0                BSP_LED_On
 .text.BSP_LED_Off
                0x00000000080040d0       0x30 ./Drivers/BSP/STM32F0xx_Nucleo/stm32f0xx_nucleo.o
                0x00000000080040d0                BSP_LED_Off
 .text.BSP_LED_Toggle
                0x0000000008004100       0x30 ./Drivers/BSP/STM32F0xx_Nucleo/stm32f0xx_nucleo.o
                0x0000000008004100                BSP_LED_Toggle
 .text.LED_USER_GPIO_Init
                0x0000000008004130       0x90 ./Drivers/BSP/STM32F0xx_Nucleo/stm32f0xx_nucleo.o
 .text.BSP_PB_Init
                0x00000000080041c0       0xb4 ./Drivers/BSP/STM32F0xx_Nucleo/stm32f0xx_nucleo.o
                0x00000000080041c0                BSP_PB_Init
 .text.BSP_PB_GetState
                0x0000000008004274       0x38 ./Drivers/BSP/STM32F0xx_Nucleo/stm32f0xx_nucleo.o
                0x0000000008004274                BSP_PB_GetState
 .text.BUTTON_USER_EXTI_Callback
                0x00000000080042ac       0x10 ./Drivers/BSP/STM32F0xx_Nucleo/stm32f0xx_nucleo.o
 .text.BUTTON_USER_GPIO_Init
                0x00000000080042bc       0x80 ./Drivers/BSP/STM32F0xx_Nucleo/stm32f0xx_nucleo.o
 .text.BSP_COM_Init
                0x000000000800433c       0x84 ./Drivers/BSP/STM32F0xx_Nucleo/stm32f0xx_nucleo.o
                0x000000000800433c                BSP_COM_Init
 .text.MX_USART2_UART_Init
                0x00000000080043c0       0x74 ./Drivers/BSP/STM32F0xx_Nucleo/stm32f0xx_nucleo.o
                0x00000000080043c0                MX_USART2_UART_Init
 .text.__io_putchar
                0x0000000008004434       0x38 ./Drivers/BSP/STM32F0xx_Nucleo/stm32f0xx_nucleo.o
                0x0000000008004434                __io_putchar
 .text.USART2_MspInit
                0x000000000800446c       0xb8 ./Drivers/BSP/STM32F0xx_Nucleo/stm32f0xx_nucleo.o
 .text.HAL_Init
                0x0000000008004524       0x28 ./Drivers/STM32F0xx_HAL_Driver/Src/stm32f0xx_hal.o
                0x0000000008004524                HAL_Init
 .text.HAL_InitTick
                0x000000000800454c       0x68 ./Drivers/STM32F0xx_HAL_Driver/Src/stm32f0xx_hal.o
                0x000000000800454c                HAL_InitTick
 .text.HAL_IncTick
                0x00000000080045b4       0x24 ./Drivers/STM32F0xx_HAL_Driver/Src/stm32f0xx_hal.o
                0x00000000080045b4                HAL_IncTick
 .text.HAL_GetTick
                0x00000000080045d8       0x14 ./Drivers/STM32F0xx_HAL_Driver/Src/stm32f0xx_hal.o
                0x00000000080045d8                HAL_GetTick
 .text.HAL_Delay
                0x00000000080045ec       0x48 ./Drivers/STM32F0xx_HAL_Driver/Src/stm32f0xx_hal.o
                0x00000000080045ec                HAL_Delay
 .text.__NVIC_EnableIRQ
                0x0000000008004634       0x34 ./Drivers/STM32F0xx_HAL_Driver/Src/stm32f0xx_hal_cortex.o
 .text.__NVIC_DisableIRQ
                0x0000000008004668       0x44 ./Drivers/STM32F0xx_HAL_Driver/Src/stm32f0xx_hal_cortex.o
 .text.__NVIC_SetPriority
                0x00000000080046ac       0xdc ./Drivers/STM32F0xx_HAL_Driver/Src/stm32f0xx_hal_cortex.o
 .text.SysTick_Config
                0x0000000008004788       0x48 ./Drivers/STM32F0xx_HAL_Driver/Src/stm32f0xx_hal_cortex.o
 .text.HAL_NVIC_SetPriority
                0x00000000080047d0       0x2a ./Drivers/STM32F0xx_HAL_Driver/Src/stm32f0xx_hal_cortex.o
                0x00000000080047d0                HAL_NVIC_SetPriority
 .text.HAL_NVIC_EnableIRQ
                0x00000000080047fa       0x20 ./Drivers/STM32F0xx_HAL_Driver/Src/stm32f0xx_hal_cortex.o
                0x00000000080047fa                HAL_NVIC_EnableIRQ
 .text.HAL_NVIC_DisableIRQ
                0x000000000800481a       0x20 ./Drivers/STM32F0xx_HAL_Driver/Src/stm32f0xx_hal_cortex.o
                0x000000000800481a                HAL_NVIC_DisableIRQ
 .text.HAL_SYSTICK_Config
                0x000000000800483a       0x1a ./Drivers/STM32F0xx_HAL_Driver/Src/stm32f0xx_hal_cortex.o
                0x000000000800483a                HAL_SYSTICK_Config
 .text.HAL_EXTI_RegisterCallback
                0x0000000008004854       0x42 ./Drivers/STM32F0xx_HAL_Driver/Src/stm32f0xx_hal_exti.o
                0x0000000008004854                HAL_EXTI_RegisterCallback
 .text.HAL_EXTI_GetHandle
                0x0000000008004896       0x24 ./Drivers/STM32F0xx_HAL_Driver/Src/stm32f0xx_hal_exti.o
                0x0000000008004896                HAL_EXTI_GetHandle
 *fill*         0x00000000080048ba        0x2 
 .text.HAL_EXTI_IRQHandler
                0x00000000080048bc       0x48 ./Drivers/STM32F0xx_HAL_Driver/Src/stm32f0xx_hal_exti.o
                0x00000000080048bc                HAL_EXTI_IRQHandler
 .text.HAL_GPIO_Init
                0x0000000008004904      0x2f0 ./Drivers/STM32F0xx_HAL_Driver/Src/stm32f0xx_hal_gpio.o
                0x0000000008004904                HAL_GPIO_Init
 .text.HAL_GPIO_DeInit
                0x0000000008004bf4      0x1b0 ./Drivers/STM32F0xx_HAL_Driver/Src/stm32f0xx_hal_gpio.o
                0x0000000008004bf4                HAL_GPIO_DeInit
 .text.HAL_GPIO_ReadPin
                0x0000000008004da4       0x3a ./Drivers/STM32F0xx_HAL_Driver/Src/stm32f0xx_hal_gpio.o
                0x0000000008004da4                HAL_GPIO_ReadPin
 .text.HAL_GPIO_WritePin
                0x0000000008004dde       0x3a ./Drivers/STM32F0xx_HAL_Driver/Src/stm32f0xx_hal_gpio.o
                0x0000000008004dde                HAL_GPIO_WritePin
 .text.HAL_GPIO_TogglePin
                0x0000000008004e18       0x36 ./Drivers/STM32F0xx_HAL_Driver/Src/stm32f0xx_hal_gpio.o
                0x0000000008004e18                HAL_GPIO_TogglePin
 *fill*         0x0000000008004e4e        0x2 
 .text.HAL_RCC_OscConfig
                0x0000000008004e50      0x70c ./Drivers/STM32F0xx_HAL_Driver/Src/stm32f0xx_hal_rcc.o
                0x0000000008004e50                HAL_RCC_OscConfig
 .text.HAL_RCC_ClockConfig
                0x000000000800555c      0x1b4 ./Drivers/STM32F0xx_HAL_Driver/Src/stm32f0xx_hal_rcc.o
                0x000000000800555c                HAL_RCC_ClockConfig
 .text.HAL_RCC_GetSysClockFreq
                0x0000000008005710       0xe4 ./Drivers/STM32F0xx_HAL_Driver/Src/stm32f0xx_hal_rcc.o
                0x0000000008005710                HAL_RCC_GetSysClockFreq
 .text.HAL_RCC_GetHCLKFreq
                0x00000000080057f4       0x14 ./Drivers/STM32F0xx_HAL_Driver/Src/stm32f0xx_hal_rcc.o
                0x00000000080057f4                HAL_RCC_GetHCLKFreq
 .text.HAL_RCC_GetPCLK1Freq
                0x0000000008005808       0x2c ./Drivers/STM32F0xx_HAL_Driver/Src/stm32f0xx_hal_rcc.o
                0x0000000008005808                HAL_RCC_GetPCLK1Freq
 .text.HAL_RCCEx_PeriphCLKConfig
                0x0000000008005834      0x1fc ./Drivers/STM32F0xx_HAL_Driver/Src/stm32f0xx_hal_rcc_ex.o
                0x0000000008005834                HAL_RCCEx_PeriphCLKConfig
 .text.HAL_SPI_Init
                0x0000000008005a30      0x170 ./Drivers/STM32F0xx_HAL_Driver/Src/stm32f0xx_hal_spi.o
                0x0000000008005a30                HAL_SPI_Init
 .text.HAL_SPI_MspInit
                0x0000000008005ba0       0x10 ./Drivers/STM32F0xx_HAL_Driver/Src/stm32f0xx_hal_spi.o
                0x0000000008005ba0                HAL_SPI_MspInit
 .text.HAL_SPI_TransmitReceive
                0x0000000008005bb0      0x3c4 ./Drivers/STM32F0xx_HAL_Driver/Src/stm32f0xx_hal_spi.o
                0x0000000008005bb0                HAL_SPI_TransmitReceive
 .text.HAL_SPI_GetState
                0x0000000008005f74       0x18 ./Drivers/STM32F0xx_HAL_Driver/Src/stm32f0xx_hal_spi.o
                0x0000000008005f74                HAL_SPI_GetState
 .text.SPI_WaitFlagStateUntilTimeout
                0x0000000008005f8c      0x11c ./Drivers/STM32F0xx_HAL_Driver/Src/stm32f0xx_hal_spi.o
 .text.SPI_WaitFifoStateUntilTimeout
                0x00000000080060a8      0x144 ./Drivers/STM32F0xx_HAL_Driver/Src/stm32f0xx_hal_spi.o
 .text.SPI_EndRxTxTransaction
                0x00000000080061ec       0x8c ./Drivers/STM32F0xx_HAL_Driver/Src/stm32f0xx_hal_spi.o
 .text.HAL_UART_Init
                0x0000000008006278       0xa8 ./Drivers/STM32F0xx_HAL_Driver/Src/stm32f0xx_hal_uart.o
                0x0000000008006278                HAL_UART_Init
 .text.HAL_UART_MspInit
                0x0000000008006320       0x10 ./Drivers/STM32F0xx_HAL_Driver/Src/stm32f0xx_hal_uart.o
                0x0000000008006320                HAL_UART_MspInit
 .text.HAL_UART_Transmit
                0x0000000008006330      0x140 ./Drivers/STM32F0xx_HAL_Driver/Src/stm32f0xx_hal_uart.o
                0x0000000008006330                HAL_UART_Transmit
 .text.UART_SetConfig
                0x0000000008006470      0x310 ./Drivers/STM32F0xx_HAL_Driver/Src/stm32f0xx_hal_uart.o
                0x0000000008006470                UART_SetConfig
 .text.UART_AdvFeatureConfig
                0x0000000008006780      0x168 ./Drivers/STM32F0xx_HAL_Driver/Src/stm32f0xx_hal_uart.o
                0x0000000008006780                UART_AdvFeatureConfig
 .text.UART_CheckIdleState
                0x00000000080068e8      0x150 ./Drivers/STM32F0xx_HAL_Driver/Src/stm32f0xx_hal_uart.o
                0x00000000080068e8                UART_CheckIdleState
 .text.UART_WaitOnFlagUntilTimeout
                0x0000000008006a38       0xd2 ./Drivers/STM32F0xx_HAL_Driver/Src/stm32f0xx_hal_uart.o
                0x0000000008006a38                UART_WaitOnFlagUntilTimeout
 *fill*         0x0000000008006b0a        0x2 
 .text.UART_EndRxTransfer
                0x0000000008006b0c       0xc8 ./Drivers/STM32F0xx_HAL_Driver/Src/stm32f0xx_hal_uart.o
 .text.hci_disconnection_complete_event_process
                0x0000000008006bd4       0x3a ./Middlewares/ST/BlueNRG-2/hci/bluenrg1_events.o
                0x0000000008006bd4                hci_disconnection_complete_event_process
 .text.hci_encryption_change_event_process
                0x0000000008006c0e       0x3a ./Middlewares/ST/BlueNRG-2/hci/bluenrg1_events.o
                0x0000000008006c0e                hci_encryption_change_event_process
 .text.hci_read_remote_version_information_complete_event_process
                0x0000000008006c48       0x56 ./Middlewares/ST/BlueNRG-2/hci/bluenrg1_events.o
                0x0000000008006c48                hci_read_remote_version_information_complete_event_process
 .text.hci_hardware_error_event_process
                0x0000000008006c9e       0x2a ./Middlewares/ST/BlueNRG-2/hci/bluenrg1_events.o
                0x0000000008006c9e                hci_hardware_error_event_process
 .text.hci_number_of_completed_packets_event_process
                0x0000000008006cc8       0xce ./Middlewares/ST/BlueNRG-2/hci/bluenrg1_events.o
                0x0000000008006cc8                hci_number_of_completed_packets_event_process
 .text.hci_data_buffer_overflow_event_process
                0x0000000008006d96       0x2a ./Middlewares/ST/BlueNRG-2/hci/bluenrg1_events.o
                0x0000000008006d96                hci_data_buffer_overflow_event_process
 .text.hci_encryption_key_refresh_complete_event_process
                0x0000000008006dc0       0x36 ./Middlewares/ST/BlueNRG-2/hci/bluenrg1_events.o
                0x0000000008006dc0                hci_encryption_key_refresh_complete_event_process
 .text.aci_blue_initialized_event_process
                0x0000000008006df6       0x2a ./Middlewares/ST/BlueNRG-2/hci/bluenrg1_events.o
                0x0000000008006df6                aci_blue_initialized_event_process
 .text.aci_blue_events_lost_event_process
                0x0000000008006e20       0x28 ./Middlewares/ST/BlueNRG-2/hci/bluenrg1_events.o
                0x0000000008006e20                aci_blue_events_lost_event_process
 .text.aci_blue_crash_info_event_process
                0x0000000008006e48      0x144 ./Middlewares/ST/BlueNRG-2/hci/bluenrg1_events.o
                0x0000000008006e48                aci_blue_crash_info_event_process
 .text.aci_hal_end_of_radio_activity_event_process
                0x0000000008006f8c       0x46 ./Middlewares/ST/BlueNRG-2/hci/bluenrg1_events.o
                0x0000000008006f8c                aci_hal_end_of_radio_activity_event_process
 .text.aci_hal_scan_req_report_event_process
                0x0000000008006fd2       0x34 ./Middlewares/ST/BlueNRG-2/hci/bluenrg1_events.o
                0x0000000008006fd2                aci_hal_scan_req_report_event_process
 .text.aci_hal_fw_error_event_process
                0x0000000008007006       0x32 ./Middlewares/ST/BlueNRG-2/hci/bluenrg1_events.o
                0x0000000008007006                aci_hal_fw_error_event_process
 .text.aci_gap_limited_discoverable_event_process
                0x0000000008007038       0x20 ./Middlewares/ST/BlueNRG-2/hci/bluenrg1_events.o
                0x0000000008007038                aci_gap_limited_discoverable_event_process
 .text.aci_gap_pairing_complete_event_process
                0x0000000008007058       0x3a ./Middlewares/ST/BlueNRG-2/hci/bluenrg1_events.o
                0x0000000008007058                aci_gap_pairing_complete_event_process
 .text.aci_gap_pass_key_req_event_process
                0x0000000008007092       0x32 ./Middlewares/ST/BlueNRG-2/hci/bluenrg1_events.o
                0x0000000008007092                aci_gap_pass_key_req_event_process
 .text.aci_gap_authorization_req_event_process
                0x00000000080070c4       0x32 ./Middlewares/ST/BlueNRG-2/hci/bluenrg1_events.o
                0x00000000080070c4                aci_gap_authorization_req_event_process
 .text.aci_gap_slave_security_initiated_event_process
                0x00000000080070f6       0x20 ./Middlewares/ST/BlueNRG-2/hci/bluenrg1_events.o
                0x00000000080070f6                aci_gap_slave_security_initiated_event_process
 .text.aci_gap_bond_lost_event_process
                0x0000000008007116       0x20 ./Middlewares/ST/BlueNRG-2/hci/bluenrg1_events.o
                0x0000000008007116                aci_gap_bond_lost_event_process
 .text.aci_gap_proc_complete_event_process
                0x0000000008007136       0x34 ./Middlewares/ST/BlueNRG-2/hci/bluenrg1_events.o
                0x0000000008007136                aci_gap_proc_complete_event_process
 .text.aci_gap_addr_not_resolved_event_process
                0x000000000800716a       0x32 ./Middlewares/ST/BlueNRG-2/hci/bluenrg1_events.o
                0x000000000800716a                aci_gap_addr_not_resolved_event_process
 .text.aci_gap_numeric_comparison_value_event_process
                0x000000000800719c       0x48 ./Middlewares/ST/BlueNRG-2/hci/bluenrg1_events.o
                0x000000000800719c                aci_gap_numeric_comparison_value_event_process
 .text.aci_gap_keypress_notification_event_process
                0x00000000080071e4       0x38 ./Middlewares/ST/BlueNRG-2/hci/bluenrg1_events.o
                0x00000000080071e4                aci_gap_keypress_notification_event_process
 .text.aci_l2cap_connection_update_resp_event_process
                0x000000000800721c       0x3e ./Middlewares/ST/BlueNRG-2/hci/bluenrg1_events.o
                0x000000000800721c                aci_l2cap_connection_update_resp_event_process
 .text.aci_l2cap_proc_timeout_event_process
                0x000000000800725a       0x3a ./Middlewares/ST/BlueNRG-2/hci/bluenrg1_events.o
                0x000000000800725a                aci_l2cap_proc_timeout_event_process
 .text.aci_l2cap_connection_update_req_event_process
                0x0000000008007294       0x82 ./Middlewares/ST/BlueNRG-2/hci/bluenrg1_events.o
                0x0000000008007294                aci_l2cap_connection_update_req_event_process
 .text.aci_l2cap_command_reject_event_process
                0x0000000008007316       0x4c ./Middlewares/ST/BlueNRG-2/hci/bluenrg1_events.o
                0x0000000008007316                aci_l2cap_command_reject_event_process
 .text.aci_gatt_attribute_modified_event_process
                0x0000000008007362       0x5e ./Middlewares/ST/BlueNRG-2/hci/bluenrg1_events.o
                0x0000000008007362                aci_gatt_attribute_modified_event_process
 .text.aci_gatt_proc_timeout_event_process
                0x00000000080073c0       0x32 ./Middlewares/ST/BlueNRG-2/hci/bluenrg1_events.o
                0x00000000080073c0                aci_gatt_proc_timeout_event_process
 .text.aci_att_exchange_mtu_resp_event_process
                0x00000000080073f2       0x3e ./Middlewares/ST/BlueNRG-2/hci/bluenrg1_events.o
                0x00000000080073f2                aci_att_exchange_mtu_resp_event_process
 .text.aci_att_find_info_resp_event_process
                0x0000000008007430       0x3c ./Middlewares/ST/BlueNRG-2/hci/bluenrg1_events.o
                0x0000000008007430                aci_att_find_info_resp_event_process
 .text.aci_att_find_by_type_value_resp_event_process
                0x000000000800746c       0xda ./Middlewares/ST/BlueNRG-2/hci/bluenrg1_events.o
                0x000000000800746c                aci_att_find_by_type_value_resp_event_process
 .text.aci_att_read_by_type_resp_event_process
                0x0000000008007546       0x3c ./Middlewares/ST/BlueNRG-2/hci/bluenrg1_events.o
                0x0000000008007546                aci_att_read_by_type_resp_event_process
 .text.aci_att_read_resp_event_process
                0x0000000008007582       0x3a ./Middlewares/ST/BlueNRG-2/hci/bluenrg1_events.o
                0x0000000008007582                aci_att_read_resp_event_process
 .text.aci_att_read_blob_resp_event_process
                0x00000000080075bc       0x3a ./Middlewares/ST/BlueNRG-2/hci/bluenrg1_events.o
                0x00000000080075bc                aci_att_read_blob_resp_event_process
 .text.aci_att_read_multiple_resp_event_process
                0x00000000080075f6       0x3a ./Middlewares/ST/BlueNRG-2/hci/bluenrg1_events.o
                0x00000000080075f6                aci_att_read_multiple_resp_event_process
 .text.aci_att_read_by_group_type_resp_event_process
                0x0000000008007630       0x3c ./Middlewares/ST/BlueNRG-2/hci/bluenrg1_events.o
                0x0000000008007630                aci_att_read_by_group_type_resp_event_process
 .text.aci_att_prepare_write_resp_event_process
                0x000000000800766c       0x54 ./Middlewares/ST/BlueNRG-2/hci/bluenrg1_events.o
                0x000000000800766c                aci_att_prepare_write_resp_event_process
 .text.aci_att_exec_write_resp_event_process
                0x00000000080076c0       0x32 ./Middlewares/ST/BlueNRG-2/hci/bluenrg1_events.o
                0x00000000080076c0                aci_att_exec_write_resp_event_process
 .text.aci_gatt_indication_event_process
                0x00000000080076f2       0x44 ./Middlewares/ST/BlueNRG-2/hci/bluenrg1_events.o
                0x00000000080076f2                aci_gatt_indication_event_process
 .text.aci_gatt_notification_event_process
                0x0000000008007736       0x44 ./Middlewares/ST/BlueNRG-2/hci/bluenrg1_events.o
                0x0000000008007736                aci_gatt_notification_event_process
 .text.aci_gatt_proc_complete_event_process
                0x000000000800777a       0x38 ./Middlewares/ST/BlueNRG-2/hci/bluenrg1_events.o
                0x000000000800777a                aci_gatt_proc_complete_event_process
 .text.aci_gatt_error_resp_event_process
                0x00000000080077b2       0x44 ./Middlewares/ST/BlueNRG-2/hci/bluenrg1_events.o
                0x00000000080077b2                aci_gatt_error_resp_event_process
 .text.aci_gatt_disc_read_char_by_uuid_resp_event_process
                0x00000000080077f6       0x44 ./Middlewares/ST/BlueNRG-2/hci/bluenrg1_events.o
                0x00000000080077f6                aci_gatt_disc_read_char_by_uuid_resp_event_process
 .text.aci_gatt_write_permit_req_event_process
                0x000000000800783a       0x44 ./Middlewares/ST/BlueNRG-2/hci/bluenrg1_events.o
                0x000000000800783a                aci_gatt_write_permit_req_event_process
 .text.aci_gatt_read_permit_req_event_process
                0x000000000800787e       0x4a ./Middlewares/ST/BlueNRG-2/hci/bluenrg1_events.o
                0x000000000800787e                aci_gatt_read_permit_req_event_process
 .text.aci_gatt_read_multi_permit_req_event_process
                0x00000000080078c8       0xa8 ./Middlewares/ST/BlueNRG-2/hci/bluenrg1_events.o
                0x00000000080078c8                aci_gatt_read_multi_permit_req_event_process
 .text.aci_gatt_tx_pool_available_event_process
                0x0000000008007970       0x3e ./Middlewares/ST/BlueNRG-2/hci/bluenrg1_events.o
                0x0000000008007970                aci_gatt_tx_pool_available_event_process
 .text.aci_gatt_server_confirmation_event_process
                0x00000000080079ae       0x32 ./Middlewares/ST/BlueNRG-2/hci/bluenrg1_events.o
                0x00000000080079ae                aci_gatt_server_confirmation_event_process
 .text.aci_gatt_prepare_write_permit_req_event_process
                0x00000000080079e0       0x54 ./Middlewares/ST/BlueNRG-2/hci/bluenrg1_events.o
                0x00000000080079e0                aci_gatt_prepare_write_permit_req_event_process
 .text.hci_le_connection_complete_event_process
                0x0000000008007a34       0x88 ./Middlewares/ST/BlueNRG-2/hci/bluenrg1_events.o
                0x0000000008007a34                hci_le_connection_complete_event_process
 .text.hci_le_advertising_report_event_process
                0x0000000008007abc      0x1d4 ./Middlewares/ST/BlueNRG-2/hci/bluenrg1_events.o
                0x0000000008007abc                hci_le_advertising_report_event_process
 .text.hci_le_connection_update_complete_event_process
                0x0000000008007c90       0x5e ./Middlewares/ST/BlueNRG-2/hci/bluenrg1_events.o
                0x0000000008007c90                hci_le_connection_update_complete_event_process
 .text.hci_le_read_remote_used_features_complete_event_process
                0x0000000008007cee       0x3a ./Middlewares/ST/BlueNRG-2/hci/bluenrg1_events.o
                0x0000000008007cee                hci_le_read_remote_used_features_complete_event_process
 .text.hci_le_long_term_key_request_event_process
                0x0000000008007d28       0x42 ./Middlewares/ST/BlueNRG-2/hci/bluenrg1_events.o
                0x0000000008007d28                hci_le_long_term_key_request_event_process
 .text.hci_le_data_length_change_event_process
                0x0000000008007d6a       0x66 ./Middlewares/ST/BlueNRG-2/hci/bluenrg1_events.o
                0x0000000008007d6a                hci_le_data_length_change_event_process
 .text.hci_le_read_local_p256_public_key_complete_event_process
                0x0000000008007dd0       0x30 ./Middlewares/ST/BlueNRG-2/hci/bluenrg1_events.o
                0x0000000008007dd0                hci_le_read_local_p256_public_key_complete_event_process
 .text.hci_le_generate_dhkey_complete_event_process
                0x0000000008007e00       0x30 ./Middlewares/ST/BlueNRG-2/hci/bluenrg1_events.o
                0x0000000008007e00                hci_le_generate_dhkey_complete_event_process
 .text.hci_le_enhanced_connection_complete_event_process
                0x0000000008007e30       0xa4 ./Middlewares/ST/BlueNRG-2/hci/bluenrg1_events.o
                0x0000000008007e30                hci_le_enhanced_connection_complete_event_process
 .text.hci_le_direct_advertising_report_event_process
                0x0000000008007ed4      0x17c ./Middlewares/ST/BlueNRG-2/hci/bluenrg1_events.o
                0x0000000008007ed4                hci_le_direct_advertising_report_event_process
 .text.hci_encryption_change_event
                0x0000000008008050       0x26 ./Middlewares/ST/BlueNRG-2/hci/bluenrg1_events_cb.o
                0x0000000008008050                hci_encryption_change_event
 .text.hci_read_remote_version_information_complete_event
                0x0000000008008076       0x2e ./Middlewares/ST/BlueNRG-2/hci/bluenrg1_events_cb.o
                0x0000000008008076                hci_read_remote_version_information_complete_event
 .text.hci_hardware_error_event
                0x00000000080080a4       0x14 ./Middlewares/ST/BlueNRG-2/hci/bluenrg1_events_cb.o
                0x00000000080080a4                hci_hardware_error_event
 .text.hci_number_of_completed_packets_event
                0x00000000080080b8       0x16 ./Middlewares/ST/BlueNRG-2/hci/bluenrg1_events_cb.o
                0x00000000080080b8                hci_number_of_completed_packets_event
 .text.hci_data_buffer_overflow_event
                0x00000000080080ce       0x14 ./Middlewares/ST/BlueNRG-2/hci/bluenrg1_events_cb.o
                0x00000000080080ce                hci_data_buffer_overflow_event
 .text.hci_encryption_key_refresh_complete_event
                0x00000000080080e2       0x1a ./Middlewares/ST/BlueNRG-2/hci/bluenrg1_events_cb.o
                0x00000000080080e2                hci_encryption_key_refresh_complete_event
 .text.hci_le_advertising_report_event
                0x00000000080080fc       0x16 ./Middlewares/ST/BlueNRG-2/hci/bluenrg1_events_cb.o
                0x00000000080080fc                hci_le_advertising_report_event
 .text.hci_le_connection_update_complete_event
                0x0000000008008112       0x2e ./Middlewares/ST/BlueNRG-2/hci/bluenrg1_events_cb.o
                0x0000000008008112                hci_le_connection_update_complete_event
 .text.hci_le_read_remote_used_features_complete_event
                0x0000000008008140       0x1c ./Middlewares/ST/BlueNRG-2/hci/bluenrg1_events_cb.o
                0x0000000008008140                hci_le_read_remote_used_features_complete_event
 .text.hci_le_long_term_key_request_event
                0x000000000800815c       0x1e ./Middlewares/ST/BlueNRG-2/hci/bluenrg1_events_cb.o
                0x000000000800815c                hci_le_long_term_key_request_event
 .text.hci_le_data_length_change_event
                0x000000000800817a       0x2e ./Middlewares/ST/BlueNRG-2/hci/bluenrg1_events_cb.o
                0x000000000800817a                hci_le_data_length_change_event
 .text.hci_le_read_local_p256_public_key_complete_event
                0x00000000080081a8       0x16 ./Middlewares/ST/BlueNRG-2/hci/bluenrg1_events_cb.o
                0x00000000080081a8                hci_le_read_local_p256_public_key_complete_event
 .text.hci_le_generate_dhkey_complete_event
                0x00000000080081be       0x16 ./Middlewares/ST/BlueNRG-2/hci/bluenrg1_events_cb.o
                0x00000000080081be                hci_le_generate_dhkey_complete_event
 .text.hci_le_enhanced_connection_complete_event
                0x00000000080081d4       0x2e ./Middlewares/ST/BlueNRG-2/hci/bluenrg1_events_cb.o
                0x00000000080081d4                hci_le_enhanced_connection_complete_event
 .text.hci_le_direct_advertising_report_event
                0x0000000008008202       0x16 ./Middlewares/ST/BlueNRG-2/hci/bluenrg1_events_cb.o
                0x0000000008008202                hci_le_direct_advertising_report_event
 .text.aci_gap_limited_discoverable_event
                0x0000000008008218        0xa ./Middlewares/ST/BlueNRG-2/hci/bluenrg1_events_cb.o
                0x0000000008008218                aci_gap_limited_discoverable_event
 .text.aci_gap_authorization_req_event
                0x0000000008008222       0x14 ./Middlewares/ST/BlueNRG-2/hci/bluenrg1_events_cb.o
                0x0000000008008222                aci_gap_authorization_req_event
 .text.aci_gap_slave_security_initiated_event
                0x0000000008008236        0xa ./Middlewares/ST/BlueNRG-2/hci/bluenrg1_events_cb.o
                0x0000000008008236                aci_gap_slave_security_initiated_event
 .text.aci_gap_bond_lost_event
                0x0000000008008240        0xa ./Middlewares/ST/BlueNRG-2/hci/bluenrg1_events_cb.o
                0x0000000008008240                aci_gap_bond_lost_event
 .text.aci_gap_proc_complete_event
                0x000000000800824a       0x28 ./Middlewares/ST/BlueNRG-2/hci/bluenrg1_events_cb.o
                0x000000000800824a                aci_gap_proc_complete_event
 .text.aci_gap_addr_not_resolved_event
                0x0000000008008272       0x14 ./Middlewares/ST/BlueNRG-2/hci/bluenrg1_events_cb.o
                0x0000000008008272                aci_gap_addr_not_resolved_event
 .text.aci_gap_numeric_comparison_value_event
                0x0000000008008286       0x16 ./Middlewares/ST/BlueNRG-2/hci/bluenrg1_events_cb.o
                0x0000000008008286                aci_gap_numeric_comparison_value_event
 .text.aci_gap_keypress_notification_event
                0x000000000800829c       0x1a ./Middlewares/ST/BlueNRG-2/hci/bluenrg1_events_cb.o
                0x000000000800829c                aci_gap_keypress_notification_event
 .text.aci_gatt_proc_timeout_event
                0x00000000080082b6       0x14 ./Middlewares/ST/BlueNRG-2/hci/bluenrg1_events_cb.o
                0x00000000080082b6                aci_gatt_proc_timeout_event
 .text.aci_att_exchange_mtu_resp_event
                0x00000000080082ca       0x1a ./Middlewares/ST/BlueNRG-2/hci/bluenrg1_events_cb.o
                0x00000000080082ca                aci_att_exchange_mtu_resp_event
 .text.aci_att_find_info_resp_event
                0x00000000080082e4       0x28 ./Middlewares/ST/BlueNRG-2/hci/bluenrg1_events_cb.o
                0x00000000080082e4                aci_att_find_info_resp_event
 .text.aci_att_find_by_type_value_resp_event
                0x000000000800830c       0x1c ./Middlewares/ST/BlueNRG-2/hci/bluenrg1_events_cb.o
                0x000000000800830c                aci_att_find_by_type_value_resp_event
 .text.aci_att_read_by_type_resp_event
                0x0000000008008328       0x28 ./Middlewares/ST/BlueNRG-2/hci/bluenrg1_events_cb.o
                0x0000000008008328                aci_att_read_by_type_resp_event
 .text.aci_att_read_resp_event
                0x0000000008008350       0x1c ./Middlewares/ST/BlueNRG-2/hci/bluenrg1_events_cb.o
                0x0000000008008350                aci_att_read_resp_event
 .text.aci_att_read_blob_resp_event
                0x000000000800836c       0x1c ./Middlewares/ST/BlueNRG-2/hci/bluenrg1_events_cb.o
                0x000000000800836c                aci_att_read_blob_resp_event
 .text.aci_att_read_multiple_resp_event
                0x0000000008008388       0x1c ./Middlewares/ST/BlueNRG-2/hci/bluenrg1_events_cb.o
                0x0000000008008388                aci_att_read_multiple_resp_event
 .text.aci_att_read_by_group_type_resp_event
                0x00000000080083a4       0x28 ./Middlewares/ST/BlueNRG-2/hci/bluenrg1_events_cb.o
                0x00000000080083a4                aci_att_read_by_group_type_resp_event
 .text.aci_att_prepare_write_resp_event
                0x00000000080083cc       0x2e ./Middlewares/ST/BlueNRG-2/hci/bluenrg1_events_cb.o
                0x00000000080083cc                aci_att_prepare_write_resp_event
 .text.aci_att_exec_write_resp_event
                0x00000000080083fa       0x14 ./Middlewares/ST/BlueNRG-2/hci/bluenrg1_events_cb.o
                0x00000000080083fa                aci_att_exec_write_resp_event
 .text.aci_gatt_indication_event
                0x000000000800840e       0x2e ./Middlewares/ST/BlueNRG-2/hci/bluenrg1_events_cb.o
                0x000000000800840e                aci_gatt_indication_event
 .text.aci_gatt_notification_event
                0x000000000800843c       0x2e ./Middlewares/ST/BlueNRG-2/hci/bluenrg1_events_cb.o
                0x000000000800843c                aci_gatt_notification_event
 .text.aci_gatt_proc_complete_event
                0x000000000800846a       0x1a ./Middlewares/ST/BlueNRG-2/hci/bluenrg1_events_cb.o
                0x000000000800846a                aci_gatt_proc_complete_event
 .text.aci_gatt_error_resp_event
                0x0000000008008484       0x2e ./Middlewares/ST/BlueNRG-2/hci/bluenrg1_events_cb.o
                0x0000000008008484                aci_gatt_error_resp_event
 .text.aci_gatt_disc_read_char_by_uuid_resp_event
                0x00000000080084b2       0x2e ./Middlewares/ST/BlueNRG-2/hci/bluenrg1_events_cb.o
                0x00000000080084b2                aci_gatt_disc_read_char_by_uuid_resp_event
 .text.aci_gatt_write_permit_req_event
                0x00000000080084e0       0x2e ./Middlewares/ST/BlueNRG-2/hci/bluenrg1_events_cb.o
                0x00000000080084e0                aci_gatt_write_permit_req_event
 .text.aci_gatt_read_multi_permit_req_event
                0x000000000800850e       0x1c ./Middlewares/ST/BlueNRG-2/hci/bluenrg1_events_cb.o
                0x000000000800850e                aci_gatt_read_multi_permit_req_event
 .text.aci_gatt_tx_pool_available_event
                0x000000000800852a       0x1a ./Middlewares/ST/BlueNRG-2/hci/bluenrg1_events_cb.o
                0x000000000800852a                aci_gatt_tx_pool_available_event
 .text.aci_gatt_server_confirmation_event
                0x0000000008008544       0x14 ./Middlewares/ST/BlueNRG-2/hci/bluenrg1_events_cb.o
                0x0000000008008544                aci_gatt_server_confirmation_event
 .text.aci_gatt_prepare_write_permit_req_event
                0x0000000008008558       0x2e ./Middlewares/ST/BlueNRG-2/hci/bluenrg1_events_cb.o
                0x0000000008008558                aci_gatt_prepare_write_permit_req_event
 .text.aci_l2cap_connection_update_resp_event
                0x0000000008008586       0x1a ./Middlewares/ST/BlueNRG-2/hci/bluenrg1_events_cb.o
                0x0000000008008586                aci_l2cap_connection_update_resp_event
 .text.aci_l2cap_proc_timeout_event
                0x00000000080085a0       0x1c ./Middlewares/ST/BlueNRG-2/hci/bluenrg1_events_cb.o
                0x00000000080085a0                aci_l2cap_proc_timeout_event
 .text.aci_l2cap_connection_update_req_event
                0x00000000080085bc       0x2e ./Middlewares/ST/BlueNRG-2/hci/bluenrg1_events_cb.o
                0x00000000080085bc                aci_l2cap_connection_update_req_event
 .text.aci_l2cap_command_reject_event
                0x00000000080085ea       0x2e ./Middlewares/ST/BlueNRG-2/hci/bluenrg1_events_cb.o
                0x00000000080085ea                aci_l2cap_command_reject_event
 .text.aci_blue_initialized_event
                0x0000000008008618       0x14 ./Middlewares/ST/BlueNRG-2/hci/bluenrg1_events_cb.o
                0x0000000008008618                aci_blue_initialized_event
 .text.aci_blue_events_lost_event
                0x000000000800862c       0x10 ./Middlewares/ST/BlueNRG-2/hci/bluenrg1_events_cb.o
                0x000000000800862c                aci_blue_events_lost_event
 .text.aci_blue_crash_info_event
                0x000000000800863c       0x1c ./Middlewares/ST/BlueNRG-2/hci/bluenrg1_events_cb.o
                0x000000000800863c                aci_blue_crash_info_event
 .text.aci_hal_end_of_radio_activity_event
                0x0000000008008658       0x1c ./Middlewares/ST/BlueNRG-2/hci/bluenrg1_events_cb.o
                0x0000000008008658                aci_hal_end_of_radio_activity_event
 .text.aci_hal_scan_req_report_event
                0x0000000008008674       0x1c ./Middlewares/ST/BlueNRG-2/hci/bluenrg1_events_cb.o
                0x0000000008008674                aci_hal_scan_req_report_event
 .text.aci_hal_fw_error_event
                0x0000000008008690       0x1c ./Middlewares/ST/BlueNRG-2/hci/bluenrg1_events_cb.o
                0x0000000008008690                aci_hal_fw_error_event
 .text.hci_reset
                0x00000000080086ac       0x5e ./Middlewares/ST/BlueNRG-2/hci/bluenrg1_hci_le.o
                0x00000000080086ac                hci_reset
 .text.hci_read_local_version_information
                0x000000000800870a       0xa8 ./Middlewares/ST/BlueNRG-2/hci/bluenrg1_hci_le.o
                0x000000000800870a                hci_read_local_version_information
 *fill*         0x00000000080087b2        0x2 
 .text.hci_le_set_scan_response_data
                0x00000000080087b4       0xec ./Middlewares/ST/BlueNRG-2/hci/bluenrg1_hci_le.o
                0x00000000080087b4                hci_le_set_scan_response_data
 .text.aci_gap_set_discoverable
                0x00000000080088a0      0x2f4 ./Middlewares/ST/BlueNRG-2/hci/controller/bluenrg1_gap_aci.o
                0x00000000080088a0                aci_gap_set_discoverable
 .text.aci_gap_set_io_capability
                0x0000000008008b94       0xc4 ./Middlewares/ST/BlueNRG-2/hci/controller/bluenrg1_gap_aci.o
                0x0000000008008b94                aci_gap_set_io_capability
 .text.aci_gap_set_authentication_requirement
                0x0000000008008c58      0x22c ./Middlewares/ST/BlueNRG-2/hci/controller/bluenrg1_gap_aci.o
                0x0000000008008c58                aci_gap_set_authentication_requirement
 .text.aci_gap_pass_key_resp
                0x0000000008008e84      0x164 ./Middlewares/ST/BlueNRG-2/hci/controller/bluenrg1_gap_aci.o
                0x0000000008008e84                aci_gap_pass_key_resp
 .text.aci_gap_init
                0x0000000008008fe8      0x170 ./Middlewares/ST/BlueNRG-2/hci/controller/bluenrg1_gap_aci.o
                0x0000000008008fe8                aci_gap_init
 .text.aci_gap_slave_security_req
                0x0000000008009158       0xe8 ./Middlewares/ST/BlueNRG-2/hci/controller/bluenrg1_gap_aci.o
                0x0000000008009158                aci_gap_slave_security_req
 .text.aci_gap_update_adv_data
                0x0000000008009240       0xf0 ./Middlewares/ST/BlueNRG-2/hci/controller/bluenrg1_gap_aci.o
                0x0000000008009240                aci_gap_update_adv_data
 .text.aci_gap_clear_security_db
                0x0000000008009330       0x5e ./Middlewares/ST/BlueNRG-2/hci/controller/bluenrg1_gap_aci.o
                0x0000000008009330                aci_gap_clear_security_db
 .text.aci_gatt_init
                0x000000000800938e       0x60 ./Middlewares/ST/BlueNRG-2/hci/controller/bluenrg1_gatt_aci.o
                0x000000000800938e                aci_gatt_init
 *fill*         0x00000000080093ee        0x2 
 .text.aci_gatt_add_service
                0x00000000080093f0      0x1dc ./Middlewares/ST/BlueNRG-2/hci/controller/bluenrg1_gatt_aci.o
                0x00000000080093f0                aci_gatt_add_service
 .text.aci_gatt_add_char
                0x00000000080095cc      0x2a4 ./Middlewares/ST/BlueNRG-2/hci/controller/bluenrg1_gatt_aci.o
                0x00000000080095cc                aci_gatt_add_char
 .text.aci_gatt_update_char_value
                0x0000000008009870      0x1b8 ./Middlewares/ST/BlueNRG-2/hci/controller/bluenrg1_gatt_aci.o
                0x0000000008009870                aci_gatt_update_char_value
 .text.aci_gatt_allow_read
                0x0000000008009a28       0xe4 ./Middlewares/ST/BlueNRG-2/hci/controller/bluenrg1_gatt_aci.o
                0x0000000008009a28                aci_gatt_allow_read
 .text.aci_hal_write_config_data
                0x0000000008009b0c      0x11c ./Middlewares/ST/BlueNRG-2/hci/controller/bluenrg1_hal_aci.o
                0x0000000008009b0c                aci_hal_write_config_data
 .text.aci_hal_read_config_data
                0x0000000008009c28       0xf4 ./Middlewares/ST/BlueNRG-2/hci/controller/bluenrg1_hal_aci.o
                0x0000000008009c28                aci_hal_read_config_data
 .text.aci_hal_set_tx_power_level
                0x0000000008009d1c       0xf0 ./Middlewares/ST/BlueNRG-2/hci/controller/bluenrg1_hal_aci.o
                0x0000000008009d1c                aci_hal_set_tx_power_level
 .text.verify_packet
                0x0000000008009e0c       0x3c ./Middlewares/ST/BlueNRG-2/hci/hci_tl_patterns/Basic/hci_tl.o
 .text.send_cmd
                0x0000000008009e48       0xa4 ./Middlewares/ST/BlueNRG-2/hci/hci_tl_patterns/Basic/hci_tl.o
 .text.move_list
                0x0000000008009eec       0x3c ./Middlewares/ST/BlueNRG-2/hci/hci_tl_patterns/Basic/hci_tl.o
 .text.free_event_list
                0x0000000008009f28       0x40 ./Middlewares/ST/BlueNRG-2/hci/hci_tl_patterns/Basic/hci_tl.o
 .text.hci_init
                0x0000000008009f68       0x98 ./Middlewares/ST/BlueNRG-2/hci/hci_tl_patterns/Basic/hci_tl.o
                0x0000000008009f68                hci_init
 .text.hci_register_io_bus
                0x000000000800a000       0x3c ./Middlewares/ST/BlueNRG-2/hci/hci_tl_patterns/Basic/hci_tl.o
                0x000000000800a000                hci_register_io_bus
 .text.hci_send_req
                0x000000000800a03c      0x264 ./Middlewares/ST/BlueNRG-2/hci/hci_tl_patterns/Basic/hci_tl.o
                0x000000000800a03c                hci_send_req
 .text.hci_user_evt_proc
                0x000000000800a2a0       0x5c ./Middlewares/ST/BlueNRG-2/hci/hci_tl_patterns/Basic/hci_tl.o
                0x000000000800a2a0                hci_user_evt_proc
 .text.hci_notify_asynch_evt
                0x000000000800a2fc       0xac ./Middlewares/ST/BlueNRG-2/hci/hci_tl_patterns/Basic/hci_tl.o
                0x000000000800a2fc                hci_notify_asynch_evt
 .text.list_init_head
                0x000000000800a3a8       0x1c ./Middlewares/ST/BlueNRG-2/utils/ble_list.o
                0x000000000800a3a8                list_init_head
 .text.list_is_empty
                0x000000000800a3c4       0x4c ./Middlewares/ST/BlueNRG-2/utils/ble_list.o
                0x000000000800a3c4                list_is_empty
 .text.list_insert_head
                0x000000000800a410       0x48 ./Middlewares/ST/BlueNRG-2/utils/ble_list.o
                0x000000000800a410                list_insert_head
 .text.list_insert_tail
                0x000000000800a458       0x48 ./Middlewares/ST/BlueNRG-2/utils/ble_list.o
                0x000000000800a458                list_insert_tail
 .text.list_remove_node
                0x000000000800a4a0       0x3e ./Middlewares/ST/BlueNRG-2/utils/ble_list.o
                0x000000000800a4a0                list_remove_node
 .text.list_remove_head
                0x000000000800a4de       0x4e ./Middlewares/ST/BlueNRG-2/utils/ble_list.o
                0x000000000800a4de                list_remove_head
 .text.list_remove_tail
                0x000000000800a52c       0x4e ./Middlewares/ST/BlueNRG-2/utils/ble_list.o
                0x000000000800a52c                list_remove_tail
 .text.list_get_size
                0x000000000800a57a       0x4c ./Middlewares/ST/BlueNRG-2/utils/ble_list.o
                0x000000000800a57a                list_get_size
 *fill*         0x000000000800a5c6        0x2 
 .text.__errno  0x000000000800a5c8        0xc c:/st/stm32cubeide_1.12.1/stm32cubeide/plugins/com.st.stm32cube.ide.mcu.externaltools.gnu-tools-for-stm32.10.3-2021.10.win32_1.0.200.202301161003/tools/bin/../lib/gcc/arm-none-eabi/10.3.1/../../../../arm-none-eabi/lib/thumb/v6-m/nofp\libc_nano.a(lib_a-errno.o)
                0x000000000800a5c8                __errno
 .text.__libc_init_array
                0x000000000800a5d4       0x48 c:/st/stm32cubeide_1.12.1/stm32cubeide/plugins/com.st.stm32cube.ide.mcu.externaltools.gnu-tools-for-stm32.10.3-2021.10.win32_1.0.200.202301161003/tools/bin/../lib/gcc/arm-none-eabi/10.3.1/../../../../arm-none-eabi/lib/thumb/v6-m/nofp\libc_nano.a(lib_a-init.o)
                0x000000000800a5d4                __libc_init_array
 .text.memcpy   0x000000000800a61c       0x12 c:/st/stm32cubeide_1.12.1/stm32cubeide/plugins/com.st.stm32cube.ide.mcu.externaltools.gnu-tools-for-stm32.10.3-2021.10.win32_1.0.200.202301161003/tools/bin/../lib/gcc/arm-none-eabi/10.3.1/../../../../arm-none-eabi/lib/thumb/v6-m/nofp\libc_nano.a(lib_a-memcpy-stub.o)
                0x000000000800a61c                memcpy
 .text.memset   0x000000000800a62e       0x10 c:/st/stm32cubeide_1.12.1/stm32cubeide/plugins/com.st.stm32cube.ide.mcu.externaltools.gnu-tools-for-stm32.10.3-2021.10.win32_1.0.200.202301161003/tools/bin/../lib/gcc/arm-none-eabi/10.3.1/../../../../arm-none-eabi/lib/thumb/v6-m/nofp\libc_nano.a(lib_a-memset.o)
                0x000000000800a62e                memset
 *fill*         0x000000000800a63e        0x2 
 .text.srand    0x000000000800a640       0x60 c:/st/stm32cubeide_1.12.1/stm32cubeide/plugins/com.st.stm32cube.ide.mcu.externaltools.gnu-tools-for-stm32.10.3-2021.10.win32_1.0.200.202301161003/tools/bin/../lib/gcc/arm-none-eabi/10.3.1/../../../../arm-none-eabi/lib/thumb/v6-m/nofp\libc_nano.a(lib_a-rand.o)
                0x000000000800a640                srand
 .text.rand     0x000000000800a6a0       0x7c c:/st/stm32cubeide_1.12.1/stm32cubeide/plugins/com.st.stm32cube.ide.mcu.externaltools.gnu-tools-for-stm32.10.3-2021.10.win32_1.0.200.202301161003/tools/bin/../lib/gcc/arm-none-eabi/10.3.1/../../../../arm-none-eabi/lib/thumb/v6-m/nofp\libc_nano.a(lib_a-rand.o)
                0x000000000800a6a0                rand
 .text.__assert_func
                0x000000000800a71c       0x3c c:/st/stm32cubeide_1.12.1/stm32cubeide/plugins/com.st.stm32cube.ide.mcu.externaltools.gnu-tools-for-stm32.10.3-2021.10.win32_1.0.200.202301161003/tools/bin/../lib/gcc/arm-none-eabi/10.3.1/../../../../arm-none-eabi/lib/thumb/v6-m/nofp\libc_nano.a(lib_a-assert.o)
                0x000000000800a71c                __assert_func
 .text.fprintf  0x000000000800a758       0x20 c:/st/stm32cubeide_1.12.1/stm32cubeide/plugins/com.st.stm32cube.ide.mcu.externaltools.gnu-tools-for-stm32.10.3-2021.10.win32_1.0.200.202301161003/tools/bin/../lib/gcc/arm-none-eabi/10.3.1/../../../../arm-none-eabi/lib/thumb/v6-m/nofp\libc_nano.a(lib_a-fprintf.o)
                0x000000000800a758                fiprintf
                0x000000000800a758                fprintf
 .text.malloc   0x000000000800a778       0x14 c:/st/stm32cubeide_1.12.1/stm32cubeide/plugins/com.st.stm32cube.ide.mcu.externaltools.gnu-tools-for-stm32.10.3-2021.10.win32_1.0.200.202301161003/tools/bin/../lib/gcc/arm-none-eabi/10.3.1/../../../../arm-none-eabi/lib/thumb/v6-m/nofp\libc_nano.a(lib_a-malloc.o)
                0x000000000800a778                malloc
 .text._free_r  0x000000000800a78c       0x94 c:/st/stm32cubeide_1.12.1/stm32cubeide/plugins/com.st.stm32cube.ide.mcu.externaltools.gnu-tools-for-stm32.10.3-2021.10.win32_1.0.200.202301161003/tools/bin/../lib/gcc/arm-none-eabi/10.3.1/../../../../arm-none-eabi/lib/thumb/v6-m/nofp\libc_nano.a(lib_a-nano-freer.o)
                0x000000000800a78c                _free_r
 .text.sbrk_aligned
                0x000000000800a820       0x44 c:/st/stm32cubeide_1.12.1/stm32cubeide/plugins/com.st.stm32cube.ide.mcu.externaltools.gnu-tools-for-stm32.10.3-2021.10.win32_1.0.200.202301161003/tools/bin/../lib/gcc/arm-none-eabi/10.3.1/../../../../arm-none-eabi/lib/thumb/v6-m/nofp\libc_nano.a(lib_a-nano-mallocr.o)
 .text._malloc_r
                0x000000000800a864       0xec c:/st/stm32cubeide_1.12.1/stm32cubeide/plugins/com.st.stm32cube.ide.mcu.externaltools.gnu-tools-for-stm32.10.3-2021.10.win32_1.0.200.202301161003/tools/bin/../lib/gcc/arm-none-eabi/10.3.1/../../../../arm-none-eabi/lib/thumb/v6-m/nofp\libc_nano.a(lib_a-nano-mallocr.o)
                0x000000000800a864                _malloc_r
 .text.__sfputc_r
                0x000000000800a950       0x2a c:/st/stm32cubeide_1.12.1/stm32cubeide/plugins/com.st.stm32cube.ide.mcu.externaltools.gnu-tools-for-stm32.10.3-2021.10.win32_1.0.200.202301161003/tools/bin/../lib/gcc/arm-none-eabi/10.3.1/../../../../arm-none-eabi/lib/thumb/v6-m/nofp\libc_nano.a(lib_a-nano-vfprintf.o)
 .text.__sfputs_r
                0x000000000800a97a       0x24 c:/st/stm32cubeide_1.12.1/stm32cubeide/plugins/com.st.stm32cube.ide.mcu.externaltools.gnu-tools-for-stm32.10.3-2021.10.win32_1.0.200.202301161003/tools/bin/../lib/gcc/arm-none-eabi/10.3.1/../../../../arm-none-eabi/lib/thumb/v6-m/nofp\libc_nano.a(lib_a-nano-vfprintf.o)
                0x000000000800a97a                __sfputs_r
 *fill*         0x000000000800a99e        0x2 
 .text._vfprintf_r
                0x000000000800a9a0      0x274 c:/st/stm32cubeide_1.12.1/stm32cubeide/plugins/com.st.stm32cube.ide.mcu.externaltools.gnu-tools-for-stm32.10.3-2021.10.win32_1.0.200.202301161003/tools/bin/../lib/gcc/arm-none-eabi/10.3.1/../../../../arm-none-eabi/lib/thumb/v6-m/nofp\libc_nano.a(lib_a-nano-vfprintf.o)
                0x000000000800a9a0                _vfprintf_r
                0x000000000800a9a0                _vfiprintf_r
 .text._printf_common
                0x000000000800ac14       0xde c:/st/stm32cubeide_1.12.1/stm32cubeide/plugins/com.st.stm32cube.ide.mcu.externaltools.gnu-tools-for-stm32.10.3-2021.10.win32_1.0.200.202301161003/tools/bin/../lib/gcc/arm-none-eabi/10.3.1/../../../../arm-none-eabi/lib/thumb/v6-m/nofp\libc_nano.a(lib_a-nano-vfprintf_i.o)
                0x000000000800ac14                _printf_common
 *fill*         0x000000000800acf2        0x2 
 .text._printf_i
                0x000000000800acf4      0x224 c:/st/stm32cubeide_1.12.1/stm32cubeide/plugins/com.st.stm32cube.ide.mcu.externaltools.gnu-tools-for-stm32.10.3-2021.10.win32_1.0.200.202301161003/tools/bin/../lib/gcc/arm-none-eabi/10.3.1/../../../../arm-none-eabi/lib/thumb/v6-m/nofp\libc_nano.a(lib_a-nano-vfprintf_i.o)
                0x000000000800acf4                _printf_i
 .text._sbrk_r  0x000000000800af18       0x24 c:/st/stm32cubeide_1.12.1/stm32cubeide/plugins/com.st.stm32cube.ide.mcu.externaltools.gnu-tools-for-stm32.10.3-2021.10.win32_1.0.200.202301161003/tools/bin/../lib/gcc/arm-none-eabi/10.3.1/../../../../arm-none-eabi/lib/thumb/v6-m/nofp\libc_nano.a(lib_a-sbrkr.o)
                0x000000000800af18                _sbrk_r
 .text.__swbuf_r
                0x000000000800af3c       0xac c:/st/stm32cubeide_1.12.1/stm32cubeide/plugins/com.st.stm32cube.ide.mcu.externaltools.gnu-tools-for-stm32.10.3-2021.10.win32_1.0.200.202301161003/tools/bin/../lib/gcc/arm-none-eabi/10.3.1/../../../../arm-none-eabi/lib/thumb/v6-m/nofp\libc_nano.a(lib_a-wbuf.o)
                0x000000000800af3c                __swbuf_r
 .text.__swsetup_r
                0x000000000800afe8       0xf0 c:/st/stm32cubeide_1.12.1/stm32cubeide/plugins/com.st.stm32cube.ide.mcu.externaltools.gnu-tools-for-stm32.10.3-2021.10.win32_1.0.200.202301161003/tools/bin/../lib/gcc/arm-none-eabi/10.3.1/../../../../arm-none-eabi/lib/thumb/v6-m/nofp\libc_nano.a(lib_a-wsetup.o)
                0x000000000800afe8                __swsetup_r
 .text.abort    0x000000000800b0d8        0xe c:/st/stm32cubeide_1.12.1/stm32cubeide/plugins/com.st.stm32cube.ide.mcu.externaltools.gnu-tools-for-stm32.10.3-2021.10.win32_1.0.200.202301161003/tools/bin/../lib/gcc/arm-none-eabi/10.3.1/../../../../arm-none-eabi/lib/thumb/v6-m/nofp\libc_nano.a(lib_a-abort.o)
                0x000000000800b0d8                abort
 *fill*         0x000000000800b0e6        0x2 
 .text.__sflush_r
                0x000000000800b0e8      0x118 c:/st/stm32cubeide_1.12.1/stm32cubeide/plugins/com.st.stm32cube.ide.mcu.externaltools.gnu-tools-for-stm32.10.3-2021.10.win32_1.0.200.202301161003/tools/bin/../lib/gcc/arm-none-eabi/10.3.1/../../../../arm-none-eabi/lib/thumb/v6-m/nofp\libc_nano.a(lib_a-fflush.o)
                0x000000000800b0e8                __sflush_r
 .text._fflush_r
                0x000000000800b200       0x80 c:/st/stm32cubeide_1.12.1/stm32cubeide/plugins/com.st.stm32cube.ide.mcu.externaltools.gnu-tools-for-stm32.10.3-2021.10.win32_1.0.200.202301161003/tools/bin/../lib/gcc/arm-none-eabi/10.3.1/../../../../arm-none-eabi/lib/thumb/v6-m/nofp\libc_nano.a(lib_a-fflush.o)
                0x000000000800b200                _fflush_r
 .text.std      0x000000000800b280       0x48 c:/st/stm32cubeide_1.12.1/stm32cubeide/plugins/com.st.stm32cube.ide.mcu.externaltools.gnu-tools-for-stm32.10.3-2021.10.win32_1.0.200.202301161003/tools/bin/../lib/gcc/arm-none-eabi/10.3.1/../../../../arm-none-eabi/lib/thumb/v6-m/nofp\libc_nano.a(lib_a-findfp.o)
 .text._cleanup_r
                0x000000000800b2c8       0x10 c:/st/stm32cubeide_1.12.1/stm32cubeide/plugins/com.st.stm32cube.ide.mcu.externaltools.gnu-tools-for-stm32.10.3-2021.10.win32_1.0.200.202301161003/tools/bin/../lib/gcc/arm-none-eabi/10.3.1/../../../../arm-none-eabi/lib/thumb/v6-m/nofp\libc_nano.a(lib_a-findfp.o)
                0x000000000800b2c8                _cleanup_r
 .text.__sfmoreglue
                0x000000000800b2d8       0x2c c:/st/stm32cubeide_1.12.1/stm32cubeide/plugins/com.st.stm32cube.ide.mcu.externaltools.gnu-tools-for-stm32.10.3-2021.10.win32_1.0.200.202301161003/tools/bin/../lib/gcc/arm-none-eabi/10.3.1/../../../../arm-none-eabi/lib/thumb/v6-m/nofp\libc_nano.a(lib_a-findfp.o)
                0x000000000800b2d8                __sfmoreglue
 .text.__sfp_lock_acquire
                0x000000000800b304       0x10 c:/st/stm32cubeide_1.12.1/stm32cubeide/plugins/com.st.stm32cube.ide.mcu.externaltools.gnu-tools-for-stm32.10.3-2021.10.win32_1.0.200.202301161003/tools/bin/../lib/gcc/arm-none-eabi/10.3.1/../../../../arm-none-eabi/lib/thumb/v6-m/nofp\libc_nano.a(lib_a-findfp.o)
                0x000000000800b304                __sfp_lock_acquire
 .text.__sfp_lock_release
                0x000000000800b314       0x10 c:/st/stm32cubeide_1.12.1/stm32cubeide/plugins/com.st.stm32cube.ide.mcu.externaltools.gnu-tools-for-stm32.10.3-2021.10.win32_1.0.200.202301161003/tools/bin/../lib/gcc/arm-none-eabi/10.3.1/../../../../arm-none-eabi/lib/thumb/v6-m/nofp\libc_nano.a(lib_a-findfp.o)
                0x000000000800b314                __sfp_lock_release
 .text.__sinit_lock_acquire
                0x000000000800b324       0x10 c:/st/stm32cubeide_1.12.1/stm32cubeide/plugins/com.st.stm32cube.ide.mcu.externaltools.gnu-tools-for-stm32.10.3-2021.10.win32_1.0.200.202301161003/tools/bin/../lib/gcc/arm-none-eabi/10.3.1/../../../../arm-none-eabi/lib/thumb/v6-m/nofp\libc_nano.a(lib_a-findfp.o)
                0x000000000800b324                __sinit_lock_acquire
 .text.__sinit_lock_release
                0x000000000800b334       0x10 c:/st/stm32cubeide_1.12.1/stm32cubeide/plugins/com.st.stm32cube.ide.mcu.externaltools.gnu-tools-for-stm32.10.3-2021.10.win32_1.0.200.202301161003/tools/bin/../lib/gcc/arm-none-eabi/10.3.1/../../../../arm-none-eabi/lib/thumb/v6-m/nofp\libc_nano.a(lib_a-findfp.o)
                0x000000000800b334                __sinit_lock_release
 .text.__sinit  0x000000000800b344       0x70 c:/st/stm32cubeide_1.12.1/stm32cubeide/plugins/com.st.stm32cube.ide.mcu.externaltools.gnu-tools-for-stm32.10.3-2021.10.win32_1.0.200.202301161003/tools/bin/../lib/gcc/arm-none-eabi/10.3.1/../../../../arm-none-eabi/lib/thumb/v6-m/nofp\libc_nano.a(lib_a-findfp.o)
                0x000000000800b344                __sinit
 .text.__sfp    0x000000000800b3b4       0x90 c:/st/stm32cubeide_1.12.1/stm32cubeide/plugins/com.st.stm32cube.ide.mcu.externaltools.gnu-tools-for-stm32.10.3-2021.10.win32_1.0.200.202301161003/tools/bin/../lib/gcc/arm-none-eabi/10.3.1/../../../../arm-none-eabi/lib/thumb/v6-m/nofp\libc_nano.a(lib_a-findfp.o)
                0x000000000800b3b4                __sfp
 .text._fwalk_reent
                0x000000000800b444       0x40 c:/st/stm32cubeide_1.12.1/stm32cubeide/plugins/com.st.stm32cube.ide.mcu.externaltools.gnu-tools-for-stm32.10.3-2021.10.win32_1.0.200.202301161003/tools/bin/../lib/gcc/arm-none-eabi/10.3.1/../../../../arm-none-eabi/lib/thumb/v6-m/nofp\libc_nano.a(lib_a-fwalk.o)
                0x000000000800b444                _fwalk_reent
 .text.__retarget_lock_init_recursive
                0x000000000800b484        0x2 c:/st/stm32cubeide_1.12.1/stm32cubeide/plugins/com.st.stm32cube.ide.mcu.externaltools.gnu-tools-for-stm32.10.3-2021.10.win32_1.0.200.202301161003/tools/bin/../lib/gcc/arm-none-eabi/10.3.1/../../../../arm-none-eabi/lib/thumb/v6-m/nofp\libc_nano.a(lib_a-lock.o)
                0x000000000800b484                __retarget_lock_init_recursive
 .text.__retarget_lock_acquire_recursive
                0x000000000800b486        0x2 c:/st/stm32cubeide_1.12.1/stm32cubeide/plugins/com.st.stm32cube.ide.mcu.externaltools.gnu-tools-for-stm32.10.3-2021.10.win32_1.0.200.202301161003/tools/bin/../lib/gcc/arm-none-eabi/10.3.1/../../../../arm-none-eabi/lib/thumb/v6-m/nofp\libc_nano.a(lib_a-lock.o)
                0x000000000800b486                __retarget_lock_acquire_recursive
 .text.__retarget_lock_release_recursive
                0x000000000800b488        0x2 c:/st/stm32cubeide_1.12.1/stm32cubeide/plugins/com.st.stm32cube.ide.mcu.externaltools.gnu-tools-for-stm32.10.3-2021.10.win32_1.0.200.202301161003/tools/bin/../lib/gcc/arm-none-eabi/10.3.1/../../../../arm-none-eabi/lib/thumb/v6-m/nofp\libc_nano.a(lib_a-lock.o)
                0x000000000800b488                __retarget_lock_release_recursive
 *fill*         0x000000000800b48a        0x2 
 .text.__swhatbuf_r
                0x000000000800b48c       0x50 c:/st/stm32cubeide_1.12.1/stm32cubeide/plugins/com.st.stm32cube.ide.mcu.externaltools.gnu-tools-for-stm32.10.3-2021.10.win32_1.0.200.202301161003/tools/bin/../lib/gcc/arm-none-eabi/10.3.1/../../../../arm-none-eabi/lib/thumb/v6-m/nofp\libc_nano.a(lib_a-makebuf.o)
                0x000000000800b48c                __swhatbuf_r
 .text.__smakebuf_r
                0x000000000800b4dc       0x88 c:/st/stm32cubeide_1.12.1/stm32cubeide/plugins/com.st.stm32cube.ide.mcu.externaltools.gnu-tools-for-stm32.10.3-2021.10.win32_1.0.200.202301161003/tools/bin/../lib/gcc/arm-none-eabi/10.3.1/../../../../arm-none-eabi/lib/thumb/v6-m/nofp\libc_nano.a(lib_a-makebuf.o)
                0x000000000800b4dc                __smakebuf_r
 .text.memchr   0x000000000800b564       0x16 c:/st/stm32cubeide_1.12.1/stm32cubeide/plugins/com.st.stm32cube.ide.mcu.externaltools.gnu-tools-for-stm32.10.3-2021.10.win32_1.0.200.202301161003/tools/bin/../lib/gcc/arm-none-eabi/10.3.1/../../../../arm-none-eabi/lib/thumb/v6-m/nofp\libc_nano.a(lib_a-memchr-stub.o)
                0x000000000800b564                memchr
 *fill*         0x000000000800b57a        0x2 
 .text.__malloc_lock
                0x000000000800b57c       0x10 c:/st/stm32cubeide_1.12.1/stm32cubeide/plugins/com.st.stm32cube.ide.mcu.externaltools.gnu-tools-for-stm32.10.3-2021.10.win32_1.0.200.202301161003/tools/bin/../lib/gcc/arm-none-eabi/10.3.1/../../../../arm-none-eabi/lib/thumb/v6-m/nofp\libc_nano.a(lib_a-mlock.o)
                0x000000000800b57c                __malloc_lock
 .text.__malloc_unlock
                0x000000000800b58c       0x10 c:/st/stm32cubeide_1.12.1/stm32cubeide/plugins/com.st.stm32cube.ide.mcu.externaltools.gnu-tools-for-stm32.10.3-2021.10.win32_1.0.200.202301161003/tools/bin/../lib/gcc/arm-none-eabi/10.3.1/../../../../arm-none-eabi/lib/thumb/v6-m/nofp\libc_nano.a(lib_a-mlock.o)
                0x000000000800b58c                __malloc_unlock
 .text._raise_r
                0x000000000800b59c       0x54 c:/st/stm32cubeide_1.12.1/stm32cubeide/plugins/com.st.stm32cube.ide.mcu.externaltools.gnu-tools-for-stm32.10.3-2021.10.win32_1.0.200.202301161003/tools/bin/../lib/gcc/arm-none-eabi/10.3.1/../../../../arm-none-eabi/lib/thumb/v6-m/nofp\libc_nano.a(lib_a-signal.o)
                0x000000000800b59c                _raise_r
 .text.raise    0x000000000800b5f0       0x14 c:/st/stm32cubeide_1.12.1/stm32cubeide/plugins/com.st.stm32cube.ide.mcu.externaltools.gnu-tools-for-stm32.10.3-2021.10.win32_1.0.200.202301161003/tools/bin/../lib/gcc/arm-none-eabi/10.3.1/../../../../arm-none-eabi/lib/thumb/v6-m/nofp\libc_nano.a(lib_a-signal.o)
                0x000000000800b5f0                raise
 .text._kill_r  0x000000000800b604       0x24 c:/st/stm32cubeide_1.12.1/stm32cubeide/plugins/com.st.stm32cube.ide.mcu.externaltools.gnu-tools-for-stm32.10.3-2021.10.win32_1.0.200.202301161003/tools/bin/../lib/gcc/arm-none-eabi/10.3.1/../../../../arm-none-eabi/lib/thumb/v6-m/nofp\libc_nano.a(lib_a-signalr.o)
                0x000000000800b604                _kill_r
 .text._getpid_r
                0x000000000800b628        0x8 c:/st/stm32cubeide_1.12.1/stm32cubeide/plugins/com.st.stm32cube.ide.mcu.externaltools.gnu-tools-for-stm32.10.3-2021.10.win32_1.0.200.202301161003/tools/bin/../lib/gcc/arm-none-eabi/10.3.1/../../../../arm-none-eabi/lib/thumb/v6-m/nofp\libc_nano.a(lib_a-signalr.o)
                0x000000000800b628                _getpid_r
 .text.__sread  0x000000000800b630       0x28 c:/st/stm32cubeide_1.12.1/stm32cubeide/plugins/com.st.stm32cube.ide.mcu.externaltools.gnu-tools-for-stm32.10.3-2021.10.win32_1.0.200.202301161003/tools/bin/../lib/gcc/arm-none-eabi/10.3.1/../../../../arm-none-eabi/lib/thumb/v6-m/nofp\libc_nano.a(lib_a-stdio.o)
                0x000000000800b630                __sread
 .text.__swrite
                0x000000000800b658       0x38 c:/st/stm32cubeide_1.12.1/stm32cubeide/plugins/com.st.stm32cube.ide.mcu.externaltools.gnu-tools-for-stm32.10.3-2021.10.win32_1.0.200.202301161003/tools/bin/../lib/gcc/arm-none-eabi/10.3.1/../../../../arm-none-eabi/lib/thumb/v6-m/nofp\libc_nano.a(lib_a-stdio.o)
                0x000000000800b658                __swrite
 .text.__sseek  0x000000000800b690       0x2c c:/st/stm32cubeide_1.12.1/stm32cubeide/plugins/com.st.stm32cube.ide.mcu.externaltools.gnu-tools-for-stm32.10.3-2021.10.win32_1.0.200.202301161003/tools/bin/../lib/gcc/arm-none-eabi/10.3.1/../../../../arm-none-eabi/lib/thumb/v6-m/nofp\libc_nano.a(lib_a-stdio.o)
                0x000000000800b690                __sseek
 .text.__sclose
                0x000000000800b6bc        0xc c:/st/stm32cubeide_1.12.1/stm32cubeide/plugins/com.st.stm32cube.ide.mcu.externaltools.gnu-tools-for-stm32.10.3-2021.10.win32_1.0.200.202301161003/tools/bin/../lib/gcc/arm-none-eabi/10.3.1/../../../../arm-none-eabi/lib/thumb/v6-m/nofp\libc_nano.a(lib_a-stdio.o)
                0x000000000800b6bc                __sclose
 .text._write_r
                0x000000000800b6c8       0x28 c:/st/stm32cubeide_1.12.1/stm32cubeide/plugins/com.st.stm32cube.ide.mcu.externaltools.gnu-tools-for-stm32.10.3-2021.10.win32_1.0.200.202301161003/tools/bin/../lib/gcc/arm-none-eabi/10.3.1/../../../../arm-none-eabi/lib/thumb/v6-m/nofp\libc_nano.a(lib_a-writer.o)
                0x000000000800b6c8                _write_r
 .text._close_r
                0x000000000800b6f0       0x24 c:/st/stm32cubeide_1.12.1/stm32cubeide/plugins/com.st.stm32cube.ide.mcu.externaltools.gnu-tools-for-stm32.10.3-2021.10.win32_1.0.200.202301161003/tools/bin/../lib/gcc/arm-none-eabi/10.3.1/../../../../arm-none-eabi/lib/thumb/v6-m/nofp\libc_nano.a(lib_a-closer.o)
                0x000000000800b6f0                _close_r
 .text._fstat_r
                0x000000000800b714       0x24 c:/st/stm32cubeide_1.12.1/stm32cubeide/plugins/com.st.stm32cube.ide.mcu.externaltools.gnu-tools-for-stm32.10.3-2021.10.win32_1.0.200.202301161003/tools/bin/../lib/gcc/arm-none-eabi/10.3.1/../../../../arm-none-eabi/lib/thumb/v6-m/nofp\libc_nano.a(lib_a-fstatr.o)
                0x000000000800b714                _fstat_r
 .text._isatty_r
                0x000000000800b738       0x24 c:/st/stm32cubeide_1.12.1/stm32cubeide/plugins/com.st.stm32cube.ide.mcu.externaltools.gnu-tools-for-stm32.10.3-2021.10.win32_1.0.200.202301161003/tools/bin/../lib/gcc/arm-none-eabi/10.3.1/../../../../arm-none-eabi/lib/thumb/v6-m/nofp\libc_nano.a(lib_a-isattyr.o)
                0x000000000800b738                _isatty_r
 .text._lseek_r
                0x000000000800b75c       0x28 c:/st/stm32cubeide_1.12.1/stm32cubeide/plugins/com.st.stm32cube.ide.mcu.externaltools.gnu-tools-for-stm32.10.3-2021.10.win32_1.0.200.202301161003/tools/bin/../lib/gcc/arm-none-eabi/10.3.1/../../../../arm-none-eabi/lib/thumb/v6-m/nofp\libc_nano.a(lib_a-lseekr.o)
                0x000000000800b75c                _lseek_r
 .text._read_r  0x000000000800b784       0x28 c:/st/stm32cubeide_1.12.1/stm32cubeide/plugins/com.st.stm32cube.ide.mcu.externaltools.gnu-tools-for-stm32.10.3-2021.10.win32_1.0.200.202301161003/tools/bin/../lib/gcc/arm-none-eabi/10.3.1/../../../../arm-none-eabi/lib/thumb/v6-m/nofp\libc_nano.a(lib_a-readr.o)
                0x000000000800b784                _read_r
 *(.glue_7)
 .glue_7        0x000000000800b7ac        0x0 linker stubs
 *(.glue_7t)
 .glue_7t       0x000000000800b7ac        0x0 linker stubs
 *(.eh_frame)
 .eh_frame      0x000000000800b7ac        0x0 c:/st/stm32cubeide_1.12.1/stm32cubeide/plugins/com.st.stm32cube.ide.mcu.externaltools.gnu-tools-for-stm32.10.3-2021.10.win32_1.0.200.202301161003/tools/bin/../lib/gcc/arm-none-eabi/10.3.1/thumb/v6-m/nofp/crtbegin.o
 *(.init)
 .init          0x000000000800b7ac        0x4 c:/st/stm32cubeide_1.12.1/stm32cubeide/plugins/com.st.stm32cube.ide.mcu.externaltools.gnu-tools-for-stm32.10.3-2021.10.win32_1.0.200.202301161003/tools/bin/../lib/gcc/arm-none-eabi/10.3.1/thumb/v6-m/nofp/crti.o
                0x000000000800b7ac                _init
 .init          0x000000000800b7b0        0x8 c:/st/stm32cubeide_1.12.1/stm32cubeide/plugins/com.st.stm32cube.ide.mcu.externaltools.gnu-tools-for-stm32.10.3-2021.10.win32_1.0.200.202301161003/tools/bin/../lib/gcc/arm-none-eabi/10.3.1/thumb/v6-m/nofp/crtn.o
 *(.fini)
 .fini          0x000000000800b7b8        0x4 c:/st/stm32cubeide_1.12.1/stm32cubeide/plugins/com.st.stm32cube.ide.mcu.externaltools.gnu-tools-for-stm32.10.3-2021.10.win32_1.0.200.202301161003/tools/bin/../lib/gcc/arm-none-eabi/10.3.1/thumb/v6-m/nofp/crti.o
                0x000000000800b7b8                _fini
 .fini          0x000000000800b7bc        0x8 c:/st/stm32cubeide_1.12.1/stm32cubeide/plugins/com.st.stm32cube.ide.mcu.externaltools.gnu-tools-for-stm32.10.3-2021.10.win32_1.0.200.202301161003/tools/bin/../lib/gcc/arm-none-eabi/10.3.1/thumb/v6-m/nofp/crtn.o
                0x000000000800b7c4                . = ALIGN (0x4)
                0x000000000800b7c4                _etext = .

.vfp11_veneer   0x000000000800b7c4        0x0
 .vfp11_veneer  0x000000000800b7c4        0x0 linker stubs

.v4_bx          0x000000000800b7c4        0x0
 .v4_bx         0x000000000800b7c4        0x0 linker stubs

.iplt           0x000000000800b7c4        0x0
 .iplt          0x000000000800b7c4        0x0 c:/st/stm32cubeide_1.12.1/stm32cubeide/plugins/com.st.stm32cube.ide.mcu.externaltools.gnu-tools-for-stm32.10.3-2021.10.win32_1.0.200.202301161003/tools/bin/../lib/gcc/arm-none-eabi/10.3.1/thumb/v6-m/nofp/crtbegin.o

.rodata         0x000000000800b7c4      0x414
                0x000000000800b7c4                . = ALIGN (0x4)
 *(.rodata)
 .rodata        0x000000000800b7c4        0x7 ./BlueNRG_2/App/app_bluenrg_2.o
 *fill*         0x000000000800b7cb        0x1 
 .rodata        0x000000000800b7cc        0x8 ./BlueNRG_2/App/sensor.o
 .rodata        0x000000000800b7d4        0xd ./BlueNRG_2/Target/hci_tl_interface.o
 *fill*         0x000000000800b7e1        0x3 
 .rodata        0x000000000800b7e4       0x40 c:/st/stm32cubeide_1.12.1/stm32cubeide/plugins/com.st.stm32cube.ide.mcu.externaltools.gnu-tools-for-stm32.10.3-2021.10.win32_1.0.200.202301161003/tools/bin/../lib/gcc/arm-none-eabi/10.3.1/thumb/v6-m/nofp\libgcc.a(mulsf3.o)
 .rodata        0x000000000800b824       0x40 c:/st/stm32cubeide_1.12.1/stm32cubeide/plugins/com.st.stm32cube.ide.mcu.externaltools.gnu-tools-for-stm32.10.3-2021.10.win32_1.0.200.202301161003/tools/bin/../lib/gcc/arm-none-eabi/10.3.1/thumb/v6-m/nofp\libgcc.a(muldf3.o)
 *(.rodata*)
 .rodata.AHBPrescTable
                0x000000000800b864       0x10 ./Core/Src/system_stm32f0xx.o
                0x000000000800b864                AHBPrescTable
 .rodata.APBPrescTable
                0x000000000800b874        0x8 ./Core/Src/system_stm32f0xx.o
                0x000000000800b874                APBPrescTable
 .rodata.LedGpioInit.4
                0x000000000800b87c        0x4 ./Drivers/BSP/STM32F0xx_Nucleo/stm32f0xx_nucleo.o
 .rodata.ButtonGpioInit.3
                0x000000000800b880        0x4 ./Drivers/BSP/STM32F0xx_Nucleo/stm32f0xx_nucleo.o
 .rodata.BUTTON_EXTI_LINE.2
                0x000000000800b884        0x4 ./Drivers/BSP/STM32F0xx_Nucleo/stm32f0xx_nucleo.o
 .rodata.ButtonCallback.1
                0x000000000800b888        0x4 ./Drivers/BSP/STM32F0xx_Nucleo/stm32f0xx_nucleo.o
 .rodata.BSP_BUTTON_PRIO.0
                0x000000000800b88c        0x4 ./Drivers/BSP/STM32F0xx_Nucleo/stm32f0xx_nucleo.o
 .rodata.aPLLMULFactorTable.1
                0x000000000800b890       0x10 ./Drivers/STM32F0xx_HAL_Driver/Src/stm32f0xx_hal_rcc.o
 .rodata.aPredivFactorTable.0
                0x000000000800b8a0       0x10 ./Drivers/STM32F0xx_HAL_Driver/Src/stm32f0xx_hal_rcc.o
 .rodata.hci_events_table
                0x000000000800b8b0       0x38 ./Middlewares/ST/BlueNRG-2/hci/bluenrg1_events.o
                0x000000000800b8b0                hci_events_table
 .rodata.hci_le_meta_events_table
                0x000000000800b8e8       0x50 ./Middlewares/ST/BlueNRG-2/hci/bluenrg1_events.o
                0x000000000800b8e8                hci_le_meta_events_table
 .rodata.hci_vendor_specific_events_table
                0x000000000800b938      0x158 ./Middlewares/ST/BlueNRG-2/hci/bluenrg1_events.o
                0x000000000800b938                hci_vendor_specific_events_table
 .rodata._global_impure_ptr