14:38:33 **** Build of configuration Debug for project BLE_test ****
make -j8 all 
arm-none-eabi-gcc "../Middlewares/ST/BlueNRG-2/utils/ble_list.c" -mcpu=cortex-m0 -std=gnu11 -g3 -DDEBUG -DUSE_HAL_DRIVER -DSTM32F072xB -c -I../Core/Inc -I../Drivers/STM32F0xx_HAL_Driver/Inc -I../Drivers/STM32F0xx_HAL_Driver/Inc/Legacy -I../Drivers/CMSIS/Device/ST/STM32F0xx/Include -I../Drivers/CMSIS/Include -I../BlueNRG_2/App -I../BlueNRG_2/Target -I../Drivers/BSP/STM32F0xx_Nucleo -I../Middlewares/ST/BlueNRG-2/hci/hci_tl_patterns/Basic -I../Middlewares/ST/BlueNRG-2/utils -I../Middlewares/ST/BlueNRG-2/includes -O0 -ffunction-sections -fdata-sections -Wall -fstack-usage -fcyclomatic-complexity -MMD -MP -MF"Middlewares/ST/BlueNRG-2/utils/ble_list.d" -MT"Middlewares/ST/BlueNRG-2/utils/ble_list.o" --specs=nano.specs -mfloat-abi=soft -mthumb -o "Middlewares/ST/BlueNRG-2/utils/ble_list.o"
arm-none-eabi-gcc "../Middlewares/ST/BlueNRG-2/hci/hci_tl_patterns/Basic/hci_tl.c" -mcpu=cortex-m0 -std=gnu11 -g3 -DDEBUG -DUSE_HAL_DRIVER -DSTM32F072xB -c -I../Core/Inc -I../Drivers/STM32F0xx_HAL_Driver/Inc -I../Drivers/STM32F0xx_HAL_Driver/Inc/Legacy -I../Drivers/CMSIS/Device/ST/STM32F0xx/Include -I../Drivers/CMSIS/Include -I../BlueNRG_2/App -I../BlueNRG_2/Target -I../Drivers/BSP/STM32F0xx_Nucleo -I../Middlewares/ST/BlueNRG-2/hci/hci_tl_patterns/Basic -I../Middlewares/ST/BlueNRG-2/utils -I../Middlewares/ST/BlueNRG-2/includes -O0 -ffunction-sections -fdata-sections -Wall -fstack-usage -fcyclomatic-complexity -MMD -MP -MF"Middlewares/ST/BlueNRG-2/hci/hci_tl_patterns/Basic/hci_tl.d" -MT"Middlewares/ST/BlueNRG-2/hci/hci_tl_patterns/Basic/hci_tl.o" --specs=nano.specs -mfloat-abi=soft -mthumb -o "Middlewares/ST/BlueNRG-2/hci/hci_tl_patterns/Basic/hci_tl.o"
arm-none-eabi-gcc "../Middlewares/ST/BlueNRG-2/hci/controller/bluenrg1_gap_aci.c" -mcpu=cortex-m0 -std=gnu11 -g3 -DDEBUG -DUSE_HAL_DRIVER -DSTM32F072xB -c -I../Core/Inc -I../Drivers/STM32F0xx_HAL_Driver/Inc -I../Drivers/STM32F0xx_HAL_Driver/Inc/Legacy -I../Drivers/CMSIS/Device/ST/STM32F0xx/Include -I../Drivers/CMSIS/Include -I../BlueNRG_2/App -I../BlueNRG_2/Target -I../Drivers/BSP/STM32F0xx_Nucleo -I../Middlewares/ST/BlueNRG-2/hci/hci_tl_patterns/Basic -I../Middlewares/ST/BlueNRG-2/utils -I../Middlewares/ST/BlueNRG-2/includes -O0 -ffunction-sections -fdata-sections -Wall -fstack-usage -fcyclomatic-complexity -MMD -MP -MF"Middlewares/ST/BlueNRG-2/hci/controller/bluenrg1_gap_aci.d" -MT"Middlewares/ST/BlueNRG-2/hci/controller/bluenrg1_gap_aci.o" --specs=nano.specs -mfloat-abi=soft -mthumb -o "Middlewares/ST/BlueNRG-2/hci/controller/bluenrg1_gap_aci.o"
arm-none-eabi-gcc "../Middlewares/ST/BlueNRG-2/hci/controller/bluenrg1_gatt_aci.c" -mcpu=cortex-m0 -std=gnu11 -g3 -DDEBUG -DUSE_HAL_DRIVER -DSTM32F072xB -c -I../Core/Inc -I../Drivers/STM32F0xx_HAL_Driver/Inc -I../Drivers/STM32F0xx_HAL_Driver/Inc/Legacy -I../Drivers/CMSIS/Device/ST/STM32F0xx/Include -I../Drivers/CMSIS/Include -I../BlueNRG_2/App -I../BlueNRG_2/Target -I../Drivers/BSP/STM32F0xx_Nucleo -I../Middlewares/ST/BlueNRG-2/hci/hci_tl_patterns/Basic -I../Middlewares/ST/BlueNRG-2/utils -I../Middlewares/ST/BlueNRG-2/includes -O0 -ffunction-sections -fdata-sections -Wall -fstack-usage -fcyclomatic-complexity -MMD -MP -MF"Middlewares/ST/BlueNRG-2/hci/controller/bluenrg1_gatt_aci.d" -MT"Middlewares/ST/BlueNRG-2/hci/controller/bluenrg1_gatt_aci.o" --specs=nano.specs -mfloat-abi=soft -mthumb -o "Middlewares/ST/BlueNRG-2/hci/controller/bluenrg1_gatt_aci.o"
arm-none-eabi-gcc "../Middlewares/ST/BlueNRG-2/hci/controller/bluenrg1_hal_aci.c" -mcpu=cortex-m0 -std=gnu11 -g3 -DDEBUG -DUSE_HAL_DRIVER -DSTM32F072xB -c -I../Core/Inc -I../Drivers/STM32F0xx_HAL_Driver/Inc -I../Drivers/STM32F0xx_HAL_Driver/Inc/Legacy -I../Drivers/CMSIS/Device/ST/STM32F0xx/Include -I../Drivers/CMSIS/Include -I../BlueNRG_2/App -I../BlueNRG_2/Target -I../Drivers/BSP/STM32F0xx_Nucleo -I../Middlewares/ST/BlueNRG-2/hci/hci_tl_patterns/Basic -I../Middlewares/ST/BlueNRG-2/utils -I../Middlewares/ST/BlueNRG-2/includes -O0 -ffunction-sections -fdata-sections -Wall -fstack-usage -fcyclomatic-complexity -MMD -MP -MF"Middlewares/ST/BlueNRG-2/hci/controller/bluenrg1_hal_aci.d" -MT"Middlewares/ST/BlueNRG-2/hci/controller/bluenrg1_hal_aci.o" --specs=nano.specs -mfloat-abi=soft -mthumb -o "Middlewares/ST/BlueNRG-2/hci/controller/bluenrg1_hal_aci.o"
arm-none-eabi-gcc "../Middlewares/ST/BlueNRG-2/hci/controller/bluenrg1_l2cap_aci.c" -mcpu=cortex-m0 -std=gnu11 -g3 -DDEBUG -DUSE_HAL_DRIVER -DSTM32F072xB -c -I../Core/Inc -I../Drivers/STM32F0xx_HAL_Driver/Inc -I../Drivers/STM32F0xx_HAL_Driver/Inc/Legacy -I../Drivers/CMSIS/Device/ST/STM32F0xx/Include -I../Drivers/CMSIS/Include -I../BlueNRG_2/App -I../BlueNRG_2/Target -I../Drivers/BSP/STM32F0xx_Nucleo -I../Middlewares/ST/BlueNRG-2/hci/hci_tl_patterns/Basic -I../Middlewares/ST/BlueNRG-2/utils -I../Middlewares/ST/BlueNRG-2/includes -O0 -ffunction-sections -fdata-sections -Wall -fstack-usage -fcyclomatic-complexity -MMD -MP -MF"Middlewares/ST/BlueNRG-2/hci/controller/bluenrg1_l2cap_aci.d" -MT"Middlewares/ST/BlueNRG-2/hci/controller/bluenrg1_l2cap_aci.o" --specs=nano.specs -mfloat-abi=soft -mthumb -o "Middlewares/ST/BlueNRG-2/hci/controller/bluenrg1_l2cap_aci.o"
arm-none-eabi-gcc "../Middlewares/ST/BlueNRG-2/hci/bluenrg1_devConfig.c" -mcpu=cortex-m0 -std=gnu11 -g3 -DDEBUG -DUSE_HAL_DRIVER -DSTM32F072xB -c -I../Core/Inc -I../Drivers/STM32F0xx_HAL_Driver/Inc -I../Drivers/STM32F0xx_HAL_Driver/Inc/Legacy -I../Drivers/CMSIS/Device/ST/STM32F0xx/Include -I../Drivers/CMSIS/Include -I../BlueNRG_2/App -I../BlueNRG_2/Target -I../Drivers/BSP/STM32F0xx_Nucleo -I../Middlewares/ST/BlueNRG-2/hci/hci_tl_patterns/Basic -I../Middlewares/ST/BlueNRG-2/utils -I../Middlewares/ST/BlueNRG-2/includes -O0 -ffunction-sections -fdata-sections -Wall -fstack-usage -fcyclomatic-complexity -MMD -MP -MF"Middlewares/ST/BlueNRG-2/hci/bluenrg1_devConfig.d" -MT"Middlewares/ST/BlueNRG-2/hci/bluenrg1_devConfig.o" --specs=nano.specs -mfloat-abi=soft -mthumb -o "Middlewares/ST/BlueNRG-2/hci/bluenrg1_devConfig.o"
arm-none-eabi-gcc "../Middlewares/ST/BlueNRG-2/hci/bluenrg1_events.c" -mcpu=cortex-m0 -std=gnu11 -g3 -DDEBUG -DUSE_HAL_DRIVER -DSTM32F072xB -c -I../Core/Inc -I../Drivers/STM32F0xx_HAL_Driver/Inc -I../Drivers/STM32F0xx_HAL_Driver/Inc/Legacy -I../Drivers/CMSIS/Device/ST/STM32F0xx/Include -I../Drivers/CMSIS/Include -I../BlueNRG_2/App -I../BlueNRG_2/Target -I../Drivers/BSP/STM32F0xx_Nucleo -I../Middlewares/ST/BlueNRG-2/hci/hci_tl_patterns/Basic -I../Middlewares/ST/BlueNRG-2/utils -I../Middlewares/ST/BlueNRG-2/includes -O0 -ffunction-sections -fdata-sections -Wall -fstack-usage -fcyclomatic-complexity -MMD -MP -MF"Middlewares/ST/BlueNRG-2/hci/bluenrg1_events.d" -MT"Middlewares/ST/BlueNRG-2/hci/bluenrg1_events.o" --specs=nano.specs -mfloat-abi=soft -mthumb -o "Middlewares/ST/BlueNRG-2/hci/bluenrg1_events.o"
arm-none-eabi-gcc "../Middlewares/ST/BlueNRG-2/hci/bluenrg1_events_cb.c" -mcpu=cortex-m0 -std=gnu11 -g3 -DDEBUG -DUSE_HAL_DRIVER -DSTM32F072xB -c -I../Core/Inc -I../Drivers/STM32F0xx_HAL_Driver/Inc -I../Drivers/STM32F0xx_HAL_Driver/Inc/Legacy -I../Drivers/CMSIS/Device/ST/STM32F0xx/Include -I../Drivers/CMSIS/Include -I../BlueNRG_2/App -I../BlueNRG_2/Target -I../Drivers/BSP/STM32F0xx_Nucleo -I../Middlewares/ST/BlueNRG-2/hci/hci_tl_patterns/Basic -I../Middlewares/ST/BlueNRG-2/utils -I../Middlewares/ST/BlueNRG-2/includes -O0 -ffunction-sections -fdata-sections -Wall -fstack-usage -fcyclomatic-complexity -MMD -MP -MF"Middlewares/ST/BlueNRG-2/hci/bluenrg1_events_cb.d" -MT"Middlewares/ST/BlueNRG-2/hci/bluenrg1_events_cb.o" --specs=nano.specs -mfloat-abi=soft -mthumb -o "Middlewares/ST/BlueNRG-2/hci/bluenrg1_events_cb.o"
arm-none-eabi-gcc "../Middlewares/ST/BlueNRG-2/hci/bluenrg1_hci_le.c" -mcpu=cortex-m0 -std=gnu11 -g3 -DDEBUG -DUSE_HAL_DRIVER -DSTM32F072xB -c -I../Core/Inc -I../Drivers/STM32F0xx_HAL_Driver/Inc -I../Drivers/STM32F0xx_HAL_Driver/Inc/Legacy -I../Drivers/CMSIS/Device/ST/STM32F0xx/Include -I../Drivers/CMSIS/Include -I../BlueNRG_2/App -I../BlueNRG_2/Target -I../Drivers/BSP/STM32F0xx_Nucleo -I../Middlewares/ST/BlueNRG-2/hci/hci_tl_patterns/Basic -I../Middlewares/ST/BlueNRG-2/utils -I../Middlewares/ST/BlueNRG-2/includes -O0 -ffunction-sections -fdata-sections -Wall -fstack-usage -fcyclomatic-complexity -MMD -MP -MF"Middlewares/ST/BlueNRG-2/hci/bluenrg1_hci_le.d" -MT"Middlewares/ST/BlueNRG-2/hci/bluenrg1_hci_le.o" --specs=nano.specs -mfloat-abi=soft -mthumb -o "Middlewares/ST/BlueNRG-2/hci/bluenrg1_hci_le.o"
arm-none-eabi-gcc "../Drivers/STM32F0xx_HAL_Driver/Src/stm32f0xx_hal.c" -mcpu=cortex-m0 -std=gnu11 -g3 -DDEBUG -DUSE_HAL_DRIVER -DSTM32F072xB -c -I../Core/Inc -I../Drivers/STM32F0xx_HAL_Driver/Inc -I../Drivers/STM32F0xx_HAL_Driver/Inc/Legacy -I../Drivers/CMSIS/Device/ST/STM32F0xx/Include -I../Drivers/CMSIS/Include -I../BlueNRG_2/App -I../BlueNRG_2/Target -I../Drivers/BSP/STM32F0xx_Nucleo -I../Middlewares/ST/BlueNRG-2/hci/hci_tl_patterns/Basic -I../Middlewares/ST/BlueNRG-2/utils -I../Middlewares/ST/BlueNRG-2/includes -O0 -ffunction-sections -fdata-sections -Wall -fstack-usage -fcyclomatic-complexity -MMD -MP -MF"Drivers/STM32F0xx_HAL_Driver/Src/stm32f0xx_hal.d" -MT"Drivers/STM32F0xx_HAL_Driver/Src/stm32f0xx_hal.o" --specs=nano.specs -mfloat-abi=soft -mthumb -o "Drivers/STM32F0xx_HAL_Driver/Src/stm32f0xx_hal.o"
arm-none-eabi-gcc "../Drivers/STM32F0xx_HAL_Driver/Src/stm32f0xx_hal_cortex.c" -mcpu=cortex-m0 -std=gnu11 -g3 -DDEBUG -DUSE_HAL_DRIVER -DSTM32F072xB -c -I../Core/Inc -I../Drivers/STM32F0xx_HAL_Driver/Inc -I../Drivers/STM32F0xx_HAL_Driver/Inc/Legacy -I../Drivers/CMSIS/Device/ST/STM32F0xx/Include -I../Drivers/CMSIS/Include -I../BlueNRG_2/App -I../BlueNRG_2/Target -I../Drivers/BSP/STM32F0xx_Nucleo -I../Middlewares/ST/BlueNRG-2/hci/hci_tl_patterns/Basic -I../Middlewares/ST/BlueNRG-2/utils -I../Middlewares/ST/BlueNRG-2/includes -O0 -ffunction-sections -fdata-sections -Wall -fstack-usage -fcyclomatic-complexity -MMD -MP -MF"Drivers/STM32F0xx_HAL_Driver/Src/stm32f0xx_hal_cortex.d" -MT"Drivers/STM32F0xx_HAL_Driver/Src/stm32f0xx_hal_cortex.o" --specs=nano.specs -mfloat-abi=soft -mthumb -o "Drivers/STM32F0xx_HAL_Driver/Src/stm32f0xx_hal_cortex.o"
arm-none-eabi-gcc "../Drivers/STM32F0xx_HAL_Driver/Src/stm32f0xx_hal_dma.c" -mcpu=cortex-m0 -std=gnu11 -g3 -DDEBUG -DUSE_HAL_DRIVER -DSTM32F072xB -c -I../Core/Inc -I../Drivers/STM32F0xx_HAL_Driver/Inc -I../Drivers/STM32F0xx_HAL_Driver/Inc/Legacy -I../Drivers/CMSIS/Device/ST/STM32F0xx/Include -I../Drivers/CMSIS/Include -I../BlueNRG_2/App -I../BlueNRG_2/Target -I../Drivers/BSP/STM32F0xx_Nucleo -I../Middlewares/ST/BlueNRG-2/hci/hci_tl_patterns/Basic -I../Middlewares/ST/BlueNRG-2/utils -I../Middlewares/ST/BlueNRG-2/includes -O0 -ffunction-sections -fdata-sections -Wall -fstack-usage -fcyclomatic-complexity -MMD -MP -MF"Drivers/STM32F0xx_HAL_Driver/Src/stm32f0xx_hal_dma.d" -MT"Drivers/STM32F0xx_HAL_Driver/Src/stm32f0xx_hal_dma.o" --specs=nano.specs -mfloat-abi=soft -mthumb -o "Drivers/STM32F0xx_HAL_Driver/Src/stm32f0xx_hal_dma.o"
arm-none-eabi-gcc "../Drivers/STM32F0xx_HAL_Driver/Src/stm32f0xx_hal_exti.c" -mcpu=cortex-m0 -std=gnu11 -g3 -DDEBUG -DUSE_HAL_DRIVER -DSTM32F072xB -c -I../Core/Inc -I../Drivers/STM32F0xx_HAL_Driver/Inc -I../Drivers/STM32F0xx_HAL_Driver/Inc/Legacy -I../Drivers/CMSIS/Device/ST/STM32F0xx/Include -I../Drivers/CMSIS/Include -I../BlueNRG_2/App -I../BlueNRG_2/Target -I../Drivers/BSP/STM32F0xx_Nucleo -I../Middlewares/ST/BlueNRG-2/hci/hci_tl_patterns/Basic -I../Middlewares/ST/BlueNRG-2/utils -I../Middlewares/ST/BlueNRG-2/includes -O0 -ffunction-sections -fdata-sections -Wall -fstack-usage -fcyclomatic-complexity -MMD -MP -MF"Drivers/STM32F0xx_HAL_Driver/Src/stm32f0xx_hal_exti.d" -MT"Drivers/STM32F0xx_HAL_Driver/Src/stm32f0xx_hal_exti.o" --specs=nano.specs -mfloat-abi=soft -mthumb -o "Drivers/STM32F0xx_HAL_Driver/Src/stm32f0xx_hal_exti.o"
arm-none-eabi-gcc "../Drivers/STM32F0xx_HAL_Driver/Src/stm32f0xx_hal_flash.c" -mcpu=cortex-m0 -std=gnu11 -g3 -DDEBUG -DUSE_HAL_DRIVER -DSTM32F072xB -c -I../Core/Inc -I../Drivers/STM32F0xx_HAL_Driver/Inc -I../Drivers/STM32F0xx_HAL_Driver/Inc/Legacy -I../Drivers/CMSIS/Device/ST/STM32F0xx/Include -I../Drivers/CMSIS/Include -I../BlueNRG_2/App -I../BlueNRG_2/Target -I../Drivers/BSP/STM32F0xx_Nucleo -I../Middlewares/ST/BlueNRG-2/hci/hci_tl_patterns/Basic -I../Middlewares/ST/BlueNRG-2/utils -I../Middlewares/ST/BlueNRG-2/includes -O0 -ffunction-sections -fdata-sections -Wall -fstack-usage -fcyclomatic-complexity -MMD -MP -MF"Drivers/STM32F0xx_HAL_Driver/Src/stm32f0xx_hal_flash.d" -MT"Drivers/STM32F0xx_HAL_Driver/Src/stm32f0xx_hal_flash.o" --specs=nano.specs -mfloat-abi=soft -mthumb -o "Drivers/STM32F0xx_HAL_Driver/Src/stm32f0xx_hal_flash.o"
arm-none-eabi-gcc "../Drivers/STM32F0xx_HAL_Driver/Src/stm32f0xx_hal_flash_ex.c" -mcpu=cortex-m0 -std=gnu11 -g3 -DDEBUG -DUSE_HAL_DRIVER -DSTM32F072xB -c -I../Core/Inc -I../Drivers/STM32F0xx_HAL_Driver/Inc -I../Drivers/STM32F0xx_HAL_Driver/Inc/Legacy -I../Drivers/CMSIS/Device/ST/STM32F0xx/Include -I../Drivers/CMSIS/Include -I../BlueNRG_2/App -I../BlueNRG_2/Target -I../Drivers/BSP/STM32F0xx_Nucleo -I../Middlewares/ST/BlueNRG-2/hci/hci_tl_patterns/Basic -I../Middlewares/ST/BlueNRG-2/utils -I../Middlewares/ST/BlueNRG-2/includes -O0 -ffunction-sections -fdata-sections -Wall -fstack-usage -fcyclomatic-complexity -MMD -MP -MF"Drivers/STM32F0xx_HAL_Driver/Src/stm32f0xx_hal_flash_ex.d" -MT"Drivers/STM32F0xx_HAL_Driver/Src/stm32f0xx_hal_flash_ex.o" --specs=nano.specs -mfloat-abi=soft -mthumb -o "Drivers/STM32F0xx_HAL_Driver/Src/stm32f0xx_hal_flash_ex.o"
arm-none-eabi-gcc "../Drivers/STM32F0xx_HAL_Driver/Src/stm32f0xx_hal_gpio.c" -mcpu=cortex-m0 -std=gnu11 -g3 -DDEBUG -DUSE_HAL_DRIVER -DSTM32F072xB -c -I../Core/Inc -I../Drivers/STM32F0xx_HAL_Driver/Inc -I../Drivers/STM32F0xx_HAL_Driver/Inc/Legacy -I../Drivers/CMSIS/Device/ST/STM32F0xx/Include -I../Drivers/CMSIS/Include -I../BlueNRG_2/App -I../BlueNRG_2/Target -I../Drivers/BSP/STM32F0xx_Nucleo -I../Middlewares/ST/BlueNRG-2/hci/hci_tl_patterns/Basic -I../Middlewares/ST/BlueNRG-2/utils -I../Middlewares/ST/BlueNRG-2/includes -O0 -ffunction-sections -fdata-sections -Wall -fstack-usage -fcyclomatic-complexity -MMD -MP -MF"Drivers/STM32F0xx_HAL_Driver/Src/stm32f0xx_hal_gpio.d" -MT"Drivers/STM32F0xx_HAL_Driver/Src/stm32f0xx_hal_gpio.o" --specs=nano.specs -mfloat-abi=soft -mthumb -o "Drivers/STM32F0xx_HAL_Driver/Src/stm32f0xx_hal_gpio.o"
arm-none-eabi-gcc "../Drivers/STM32F0xx_HAL_Driver/Src/stm32f0xx_hal_i2c.c" -mcpu=cortex-m0 -std=gnu11 -g3 -DDEBUG -DUSE_HAL_DRIVER -DSTM32F072xB -c -I../Core/Inc -I../Drivers/STM32F0xx_HAL_Driver/Inc -I../Drivers/STM32F0xx_HAL_Driver/Inc/Legacy -I../Drivers/CMSIS/Device/ST/STM32F0xx/Include -I../Drivers/CMSIS/Include -I../BlueNRG_2/App -I../BlueNRG_2/Target -I../Drivers/BSP/STM32F0xx_Nucleo -I../Middlewares/ST/BlueNRG-2/hci/hci_tl_patterns/Basic -I../Middlewares/ST/BlueNRG-2/utils -I../Middlewares/ST/BlueNRG-2/includes -O0 -ffunction-sections -fdata-sections -Wall -fstack-usage -fcyclomatic-complexity -MMD -MP -MF"Drivers/STM32F0xx_HAL_Driver/Src/stm32f0xx_hal_i2c.d" -MT"Drivers/STM32F0xx_HAL_Driver/Src/stm32f0xx_hal_i2c.o" --specs=nano.specs -mfloat-abi=soft -mthumb -o "Drivers/STM32F0xx_HAL_Driver/Src/stm32f0xx_hal_i2c.o"
arm-none-eabi-gcc "../Drivers/STM32F0xx_HAL_Driver/Src/stm32f0xx_hal_i2c_ex.c" -mcpu=cortex-m0 -std=gnu11 -g3 -DDEBUG -DUSE_HAL_DRIVER -DSTM32F072xB -c -I../Core/Inc -I../Drivers/STM32F0xx_HAL_Driver/Inc -I../Drivers/STM32F0xx_HAL_Driver/Inc/Legacy -I../Drivers/CMSIS/Device/ST/STM32F0xx/Include -I../Drivers/CMSIS/Include -I../BlueNRG_2/App -I../BlueNRG_2/Target -I../Drivers/BSP/STM32F0xx_Nucleo -I../Middlewares/ST/BlueNRG-2/hci/hci_tl_patterns/Basic -I../Middlewares/ST/BlueNRG-2/utils -I../Middlewares/ST/BlueNRG-2/includes -O0 -ffunction-sections -fdata-sections -Wall -fstack-usage -fcyclomatic-complexity -MMD -MP -MF"Drivers/STM32F0xx_HAL_Driver/Src/stm32f0xx_hal_i2c_ex.d" -MT"Drivers/STM32F0xx_HAL_Driver/Src/stm32f0xx_hal_i2c_ex.o" --specs=nano.specs -mfloat-abi=soft -mthumb -o "Drivers/STM32F0xx_HAL_Driver/Src/stm32f0xx_hal_i2c_ex.o"
arm-none-eabi-gcc "../Drivers/STM32F0xx_HAL_Driver/Src/stm32f0xx_hal_pwr.c" -mcpu=cortex-m0 -std=gnu11 -g3 -DDEBUG -DUSE_HAL_DRIVER -DSTM32F072xB -c -I../Core/Inc -I../Drivers/STM32F0xx_HAL_Driver/Inc -I../Drivers/STM32F0xx_HAL_Driver/Inc/Legacy -I../Drivers/CMSIS/Device/ST/STM32F0xx/Include -I../Drivers/CMSIS/Include -I../BlueNRG_2/App -I../BlueNRG_2/Target -I../Drivers/BSP/STM32F0xx_Nucleo -I../Middlewares/ST/BlueNRG-2/hci/hci_tl_patterns/Basic -I../Middlewares/ST/BlueNRG-2/utils -I../Middlewares/ST/BlueNRG-2/includes -O0 -ffunction-sections -fdata-sections -Wall -fstack-usage -fcyclomatic-complexity -MMD -MP -MF"Drivers/STM32F0xx_HAL_Driver/Src/stm32f0xx_hal_pwr.d" -MT"Drivers/STM32F0xx_HAL_Driver/Src/stm32f0xx_hal_pwr.o" --specs=nano.specs -mfloat-abi=soft -mthumb -o "Drivers/STM32F0xx_HAL_Driver/Src/stm32f0xx_hal_pwr.o"
arm-none-eabi-gcc "../Drivers/STM32F0xx_HAL_Driver/Src/stm32f0xx_hal_pwr_ex.c" -mcpu=cortex-m0 -std=gnu11 -g3 -DDEBUG -DUSE_HAL_DRIVER -DSTM32F072xB -c -I../Core/Inc -I../Drivers/STM32F0xx_HAL_Driver/Inc -I../Drivers/STM32F0xx_HAL_Driver/Inc/Legacy -I../Drivers/CMSIS/Device/ST/STM32F0xx/Include -I../Drivers/CMSIS/Include -I../BlueNRG_2/App -I../BlueNRG_2/Target -I../Drivers/BSP/STM32F0xx_Nucleo -I../Middlewares/ST/BlueNRG-2/hci/hci_tl_patterns/Basic -I../Middlewares/ST/BlueNRG-2/utils -I../Middlewares/ST/BlueNRG-2/includes -O0 -ffunction-sections -fdata-sections -Wall -fstack-usage -fcyclomatic-complexity -MMD -MP -MF"Drivers/STM32F0xx_HAL_Driver/Src/stm32f0xx_hal_pwr_ex.d" -MT"Drivers/STM32F0xx_HAL_Driver/Src/stm32f0xx_hal_pwr_ex.o" --specs=nano.specs -mfloat-abi=soft -mthumb -o "Drivers/STM32F0xx_HAL_Driver/Src/stm32f0xx_hal_pwr_ex.o"
arm-none-eabi-gcc "../Drivers/STM32F0xx_HAL_Driver/Src/stm32f0xx_hal_rcc.c" -mcpu=cortex-m0 -std=gnu11 -g3 -DDEBUG -DUSE_HAL_DRIVER -DSTM32F072xB -c -I../Core/Inc -I../Drivers/STM32F0xx_HAL_Driver/Inc -I../Drivers/STM32F0xx_HAL_Driver/Inc/Legacy -I../Drivers/CMSIS/Device/ST/STM32F0xx/Include -I../Drivers/CMSIS/Include -I../BlueNRG_2/App -I../BlueNRG_2/Target -I../Drivers/BSP/STM32F0xx_Nucleo -I../Middlewares/ST/BlueNRG-2/hci/hci_tl_patterns/Basic -I../Middlewares/ST/BlueNRG-2/utils -I../Middlewares/ST/BlueNRG-2/includes -O0 -ffunction-sections -fdata-sections -Wall -fstack-usage -fcyclomatic-complexity -MMD -MP -MF"Drivers/STM32F0xx_HAL_Driver/Src/stm32f0xx_hal_rcc.d" -MT"Drivers/STM32F0xx_HAL_Driver/Src/stm32f0xx_hal_rcc.o" --specs=nano.specs -mfloat-abi=soft -mthumb -o "Drivers/STM32F0xx_HAL_Driver/Src/stm32f0xx_hal_rcc.o"
arm-none-eabi-gcc "../Drivers/STM32F0xx_HAL_Driver/Src/stm32f0xx_hal_rcc_ex.c" -mcpu=cortex-m0 -std=gnu11 -g3 -DDEBUG -DUSE_HAL_DRIVER -DSTM32F072xB -c -I../Core/Inc -I../Drivers/STM32F0xx_HAL_Driver/Inc -I../Drivers/STM32F0xx_HAL_Driver/Inc/Legacy -I../Drivers/CMSIS/Device/ST/STM32F0xx/Include -I../Drivers/CMSIS/Include -I../BlueNRG_2/App -I../BlueNRG_2/Target -I../Drivers/BSP/STM32F0xx_Nucleo -I../Middlewares/ST/BlueNRG-2/hci/hci_tl_patterns/Basic -I../Middlewares/ST/BlueNRG-2/utils -I../Middlewares/ST/BlueNRG-2/includes -O0 -ffunction-sections -fdata-sections -Wall -fstack-usage -fcyclomatic-complexity -MMD -MP -MF"Drivers/STM32F0xx_HAL_Driver/Src/stm32f0xx_hal_rcc_ex.d" -MT"Drivers/STM32F0xx_HAL_Driver/Src/stm32f0xx_hal_rcc_ex.o" --specs=nano.specs -mfloat-abi=soft -mthumb -o "Drivers/STM32F0xx_HAL_Driver/Src/stm32f0xx_hal_rcc_ex.o"
arm-none-eabi-gcc "../Drivers/STM32F0xx_HAL_Driver/Src/stm32f0xx_hal_spi.c" -mcpu=cortex-m0 -std=gnu11 -g3 -DDEBUG -DUSE_HAL_DRIVER -DSTM32F072xB -c -I../Core/Inc -I../Drivers/STM32F0xx_HAL_Driver/Inc -I../Drivers/STM32F0xx_HAL_Driver/Inc/Legacy -I../Drivers/CMSIS/Device/ST/STM32F0xx/Include -I../Drivers/CMSIS/Include -I../BlueNRG_2/App -I../BlueNRG_2/Target -I../Drivers/BSP/STM32F0xx_Nucleo -I../Middlewares/ST/BlueNRG-2/hci/hci_tl_patterns/Basic -I../Middlewares/ST/BlueNRG-2/utils -I../Middlewares/ST/BlueNRG-2/includes -O0 -ffunction-sections -fdata-sections -Wall -fstack-usage -fcyclomatic-complexity -MMD -MP -MF"Drivers/STM32F0xx_HAL_Driver/Src/stm32f0xx_hal_spi.d" -MT"Drivers/STM32F0xx_HAL_Driver/Src/stm32f0xx_hal_spi.o" --specs=nano.specs -mfloat-abi=soft -mthumb -o "Drivers/STM32F0xx_HAL_Driver/Src/stm32f0xx_hal_spi.o"
arm-none-eabi-gcc "../Drivers/STM32F0xx_HAL_Driver/Src/stm32f0xx_hal_spi_ex.c" -mcpu=cortex-m0 -std=gnu11 -g3 -DDEBUG -DUSE_HAL_DRIVER -DSTM32F072xB -c -I../Core/Inc -I../Drivers/STM32F0xx_HAL_Driver/Inc -I../Drivers/STM32F0xx_HAL_Driver/Inc/Legacy -I../Drivers/CMSIS/Device/ST/STM32F0xx/Include -I../Drivers/CMSIS/Include -I../BlueNRG_2/App -I../BlueNRG_2/Target -I../Drivers/BSP/STM32F0xx_Nucleo -I../Middlewares/ST/BlueNRG-2/hci/hci_tl_patterns/Basic -I../Middlewares/ST/BlueNRG-2/utils -I../Middlewares/ST/BlueNRG-2/includes -O0 -ffunction-sections -fdata-sections -Wall -fstack-usage -fcyclomatic-complexity -MMD -MP -MF"Drivers/STM32F0xx_HAL_Driver/Src/stm32f0xx_hal_spi_ex.d" -MT"Drivers/STM32F0xx_HAL_Driver/Src/stm32f0xx_hal_spi_ex.o" --specs=nano.specs -mfloat-abi=soft -mthumb -o "Drivers/STM32F0xx_HAL_Driver/Src/stm32f0xx_hal_spi_ex.o"
arm-none-eabi-gcc "../Drivers/STM32F0xx_HAL_Driver/Src/stm32f0xx_hal_tim.c" -mcpu=cortex-m0 -std=gnu11 -g3 -DDEBUG -DUSE_HAL_DRIVER -DSTM32F072xB -c -I../Core/Inc -I../Drivers/STM32F0xx_HAL_Driver/Inc -I../Drivers/STM32F0xx_HAL_Driver/Inc/Legacy -I../Drivers/CMSIS/Device/ST/STM32F0xx/Include -I../Drivers/CMSIS/Include -I../BlueNRG_2/App -I../BlueNRG_2/Target -I../Drivers/BSP/STM32F0xx_Nucleo -I../Middlewares/ST/BlueNRG-2/hci/hci_tl_patterns/Basic -I../Middlewares/ST/BlueNRG-2/utils -I../Middlewares/ST/BlueNRG-2/includes -O0 -ffunction-sections -fdata-sections -Wall -fstack-usage -fcyclomatic-complexity -MMD -MP -MF"Drivers/STM32F0xx_HAL_Driver/Src/stm32f0xx_hal_tim.d" -MT"Drivers/STM32F0xx_HAL_Driver/Src/stm32f0xx_hal_tim.o" --specs=nano.specs -mfloat-abi=soft -mthumb -o "Drivers/STM32F0xx_HAL_Driver/Src/stm32f0xx_hal_tim.o"
arm-none-eabi-gcc "../Drivers/STM32F0xx_HAL_Driver/Src/stm32f0xx_hal_tim_ex.c" -mcpu=cortex-m0 -std=gnu11 -g3 -DDEBUG -DUSE_HAL_DRIVER -DSTM32F072xB -c -I../Core/Inc -I../Drivers/STM32F0xx_HAL_Driver/Inc -I../Drivers/STM32F0xx_HAL_Driver/Inc/Legacy -I../Drivers/CMSIS/Device/ST/STM32F0xx/Include -I../Drivers/CMSIS/Include -I../BlueNRG_2/App -I../BlueNRG_2/Target -I../Drivers/BSP/STM32F0xx_Nucleo -I../Middlewares/ST/BlueNRG-2/hci/hci_tl_patterns/Basic -I../Middlewares/ST/BlueNRG-2/utils -I../Middlewares/ST/BlueNRG-2/includes -O0 -ffunction-sections -fdata-sections -Wall -fstack-usage -fcyclomatic-complexity -MMD -MP -MF"Drivers/STM32F0xx_HAL_Driver/Src/stm32f0xx_hal_tim_ex.d" -MT"Drivers/STM32F0xx_HAL_Driver/Src/stm32f0xx_hal_tim_ex.o" --specs=nano.specs -mfloat-abi=soft -mthumb -o "Drivers/STM32F0xx_HAL_Driver/Src/stm32f0xx_hal_tim_ex.o"
arm-none-eabi-gcc "../Drivers/STM32F0xx_HAL_Driver/Src/stm32f0xx_hal_uart.c" -mcpu=cortex-m0 -std=gnu11 -g3 -DDEBUG -DUSE_HAL_DRIVER -DSTM32F072xB -c -I../Core/Inc -I../Drivers/STM32F0xx_HAL_Driver/Inc -I../Drivers/STM32F0xx_HAL_Driver/Inc/Legacy -I../Drivers/CMSIS/Device/ST/STM32F0xx/Include -I../Drivers/CMSIS/Include -I../BlueNRG_2/App -I../BlueNRG_2/Target -I../Drivers/BSP/STM32F0xx_Nucleo -I../Middlewares/ST/BlueNRG-2/hci/hci_tl_patterns/Basic -I../Middlewares/ST/BlueNRG-2/utils -I../Middlewares/ST/BlueNRG-2/includes -O0 -ffunction-sections -fdata-sections -Wall -fstack-usage -fcyclomatic-complexity -MMD -MP -MF"Drivers/STM32F0xx_HAL_Driver/Src/stm32f0xx_hal_uart.d" -MT"Drivers/STM32F0xx_HAL_Driver/Src/stm32f0xx_hal_uart.o" --specs=nano.specs -mfloat-abi=soft -mthumb -o "Drivers/STM32F0xx_HAL_Driver/Src/stm32f0xx_hal_uart.o"
arm-none-eabi-gcc "../Drivers/STM32F0xx_HAL_Driver/Src/stm32f0xx_hal_uart_ex.c" -mcpu=cortex-m0 -std=gnu11 -g3 -DDEBUG -DUSE_HAL_DRIVER -DSTM32F072xB -c -I../Core/Inc -I../Drivers/STM32F0xx_HAL_Driver/Inc -I../Drivers/STM32F0xx_HAL_Driver/Inc/Legacy -I../Drivers/CMSIS/Device/ST/STM32F0xx/Include -I../Drivers/CMSIS/Include -I../BlueNRG_2/App -I../BlueNRG_2/Target -I../Drivers/BSP/STM32F0xx_Nucleo -I../Middlewares/ST/BlueNRG-2/hci/hci_tl_patterns/Basic -I../Middlewares/ST/BlueNRG-2/utils -I../Middlewares/ST/BlueNRG-2/includes -O0 -ffunction-sections -fdata-sections -Wall -fstack-usage -fcyclomatic-complexity -MMD -MP -MF"Drivers/STM32F0xx_HAL_Driver/Src/stm32f0xx_hal_uart_ex.d" -MT"Drivers/STM32F0xx_HAL_Driver/Src/stm32f0xx_hal_uart_ex.o" --specs=nano.specs -mfloat-abi=soft -mthumb -o "Drivers/STM32F0xx_HAL_Driver/Src/stm32f0xx_hal_uart_ex.o"
arm-none-eabi-gcc "../Drivers/BSP/STM32F0xx_Nucleo/stm32f0xx_nucleo.c" -mcpu=cortex-m0 -std=gnu11 -g3 -DDEBUG -DUSE_HAL_DRIVER -DSTM32F072xB -c -I../Core/Inc -I../Drivers/STM32F0xx_HAL_Driver/Inc -I../Drivers/STM32F0xx_HAL_Driver/Inc/Legacy -I../Drivers/CMSIS/Device/ST/STM32F0xx/Include -I../Drivers/CMSIS/Include -I../BlueNRG_2/App -I../BlueNRG_2/Target -I../Drivers/BSP/STM32F0xx_Nucleo -I../Middlewares/ST/BlueNRG-2/hci/hci_tl_patterns/Basic -I../Middlewares/ST/BlueNRG-2/utils -I../Middlewares/ST/BlueNRG-2/includes -O0 -ffunction-sections -fdata-sections -Wall -fstack-usage -fcyclomatic-complexity -MMD -MP -MF"Drivers/BSP/STM32F0xx_Nucleo/stm32f0xx_nucleo.d" -MT"Drivers/BSP/STM32F0xx_Nucleo/stm32f0xx_nucleo.o" --specs=nano.specs -mfloat-abi=soft -mthumb -o "Drivers/BSP/STM32F0xx_Nucleo/stm32f0xx_nucleo.o"
arm-none-eabi-gcc -mcpu=cortex-m0 -g3 -DDEBUG -c -x assembler-with-cpp -MMD -MP -MF"Core/Startup/startup_stm32f072rbtx.d" -MT"Core/Startup/startup_stm32f072rbtx.o" --specs=nano.specs -mfloat-abi=soft -mthumb -o "Core/Startup/startup_stm32f072rbtx.o" "../Core/Startup/startup_stm32f072rbtx.s"
arm-none-eabi-gcc "../Core/Src/main.c" -mcpu=cortex-m0 -std=gnu11 -g3 -DDEBUG -DUSE_HAL_DRIVER -DSTM32F072xB -c -I../Core/Inc -I../Drivers/STM32F0xx_HAL_Driver/Inc -I../Drivers/STM32F0xx_HAL_Driver/Inc/Legacy -I../Drivers/CMSIS/Device/ST/STM32F0xx/Include -I../Drivers/CMSIS/Include -I../BlueNRG_2/App -I../BlueNRG_2/Target -I../Drivers/BSP/STM32F0xx_Nucleo -I../Middlewares/ST/BlueNRG-2/hci/hci_tl_patterns/Basic -I../Middlewares/ST/BlueNRG-2/utils -I../Middlewares/ST/BlueNRG-2/includes -O0 -ffunction-sections -fdata-sections -Wall -fstack-usage -fcyclomatic-complexity -MMD -MP -MF"Core/Src/main.d" -MT"Core/Src/main.o" --specs=nano.specs -mfloat-abi=soft -mthumb -o "Core/Src/main.o"
arm-none-eabi-gcc "../Core/Src/stm32f0xx_hal_msp.c" -mcpu=cortex-m0 -std=gnu11 -g3 -DDEBUG -DUSE_HAL_DRIVER -DSTM32F072xB -c -I../Core/Inc -I../Drivers/STM32F0xx_HAL_Driver/Inc -I../Drivers/STM32F0xx_HAL_Driver/Inc/Legacy -I../Drivers/CMSIS/Device/ST/STM32F0xx/Include -I../Drivers/CMSIS/Include -I../BlueNRG_2/App -I../BlueNRG_2/Target -I../Drivers/BSP/STM32F0xx_Nucleo -I../Middlewares/ST/BlueNRG-2/hci/hci_tl_patterns/Basic -I../Middlewares/ST/BlueNRG-2/utils -I../Middlewares/ST/BlueNRG-2/includes -O0 -ffunction-sections -fdata-sections -Wall -fstack-usage -fcyclomatic-complexity -MMD -MP -MF"Core/Src/stm32f0xx_hal_msp.d" -MT"Core/Src/stm32f0xx_hal_msp.o" --specs=nano.specs -mfloat-abi=soft -mthumb -o "Core/Src/stm32f0xx_hal_msp.o"
arm-none-eabi-gcc "../Core/Src/stm32f0xx_it.c" -mcpu=cortex-m0 -std=gnu11 -g3 -DDEBUG -DUSE_HAL_DRIVER -DSTM32F072xB -c -I../Core/Inc -I../Drivers/STM32F0xx_HAL_Driver/Inc -I../Drivers/STM32F0xx_HAL_Driver/Inc/Legacy -I../Drivers/CMSIS/Device/ST/STM32F0xx/Include -I../Drivers/CMSIS/Include -I../BlueNRG_2/App -I../BlueNRG_2/Target -I../Drivers/BSP/STM32F0xx_Nucleo -I../Middlewares/ST/BlueNRG-2/hci/hci_tl_patterns/Basic -I../Middlewares/ST/BlueNRG-2/utils -I../Middlewares/ST/BlueNRG-2/includes -O0 -ffunction-sections -fdata-sections -Wall -fstack-usage -fcyclomatic-complexity -MMD -MP -MF"Core/Src/stm32f0xx_it.d" -MT"Core/Src/stm32f0xx_it.o" --specs=nano.specs -mfloat-abi=soft -mthumb -o "Core/Src/stm32f0xx_it.o"
arm-none-eabi-gcc "../Core/Src/stm32f0xx_nucleo_bus.c" -mcpu=cortex-m0 -std=gnu11 -g3 -DDEBUG -DUSE_HAL_DRIVER -DSTM32F072xB -c -I../Core/Inc -I../Drivers/STM32F0xx_HAL_Driver/Inc -I../Drivers/STM32F0xx_HAL_Driver/Inc/Legacy -I../Drivers/CMSIS/Device/ST/STM32F0xx/Include -I../Drivers/CMSIS/Include -I../BlueNRG_2/App -I../BlueNRG_2/Target -I../Drivers/BSP/STM32F0xx_Nucleo -I../Middlewares/ST/BlueNRG-2/hci/hci_tl_patterns/Basic -I../Middlewares/ST/BlueNRG-2/utils -I../Middlewares/ST/BlueNRG-2/includes -O0 -ffunction-sections -fdata-sections -Wall -fstack-usage -fcyclomatic-complexity -MMD -MP -MF"Core/Src/stm32f0xx_nucleo_bus.d" -MT"Core/Src/stm32f0xx_nucleo_bus.o" --specs=nano.specs -mfloat-abi=soft -mthumb -o "Core/Src/stm32f0xx_nucleo_bus.o"
arm-none-eabi-gcc "../Core/Src/system_stm32f0xx.c" -mcpu=cortex-m0 -std=gnu11 -g3 -DDEBUG -DUSE_HAL_DRIVER -DSTM32F072xB -c -I../Core/Inc -I../Drivers/STM32F0xx_HAL_Driver/Inc -I../Drivers/STM32F0xx_HAL_Driver/Inc/Legacy -I../Drivers/CMSIS/Device/ST/STM32F0xx/Include -I../Drivers/CMSIS/Include -I../BlueNRG_2/App -I../BlueNRG_2/Target -I../Drivers/BSP/STM32F0xx_Nucleo -I../Middlewares/ST/BlueNRG-2/hci/hci_tl_patterns/Basic -I../Middlewares/ST/BlueNRG-2/utils -I../Middlewares/ST/BlueNRG-2/includes -O0 -ffunction-sections -fdata-sections -Wall -fstack-usage -fcyclomatic-complexity -MMD -MP -MF"Core/Src/system_stm32f0xx.d" -MT"Core/Src/system_stm32f0xx.o" --specs=nano.specs -mfloat-abi=soft -mthumb -o "Core/Src/system_stm32f0xx.o"
arm-none-eabi-gcc "../BlueNRG_2/Target/hci_tl_interface.c" -mcpu=cortex-m0 -std=gnu11 -g3 -DDEBUG -DUSE_HAL_DRIVER -DSTM32F072xB -c -I../Core/Inc -I../Drivers/STM32F0xx_HAL_Driver/Inc -I../Drivers/STM32F0xx_HAL_Driver/Inc/Legacy -I../Drivers/CMSIS/Device/ST/STM32F0xx/Include -I../Drivers/CMSIS/Include -I../BlueNRG_2/App -I../BlueNRG_2/Target -I../Drivers/BSP/STM32F0xx_Nucleo -I../Middlewares/ST/BlueNRG-2/hci/hci_tl_patterns/Basic -I../Middlewares/ST/BlueNRG-2/utils -I../Middlewares/ST/BlueNRG-2/includes -O0 -ffunction-sections -fdata-sections -Wall -fstack-usage -fcyclomatic-complexity -MMD -MP -MF"BlueNRG_2/Target/hci_tl_interface.d" -MT"BlueNRG_2/Target/hci_tl_interface.o" --specs=nano.specs -mfloat-abi=soft -mthumb -o "BlueNRG_2/Target/hci_tl_interface.o"
arm-none-eabi-gcc "../BlueNRG_2/App/app_bluenrg_2.c" -mcpu=cortex-m0 -std=gnu11 -g3 -DDEBUG -DUSE_HAL_DRIVER -DSTM32F072xB -c -I../Core/Inc -I../Drivers/STM32F0xx_HAL_Driver/Inc -I../Drivers/STM32F0xx_HAL_Driver/Inc/Legacy -I../Drivers/CMSIS/Device/ST/STM32F0xx/Include -I../Drivers/CMSIS/Include -I../BlueNRG_2/App -I../BlueNRG_2/Target -I../Drivers/BSP/STM32F0xx_Nucleo -I../Middlewares/ST/BlueNRG-2/hci/hci_tl_patterns/Basic -I../Middlewares/ST/BlueNRG-2/utils -I../Middlewares/ST/BlueNRG-2/includes -O0 -ffunction-sections -fdata-sections -Wall -fstack-usage -fcyclomatic-complexity -MMD -MP -MF"BlueNRG_2/App/app_bluenrg_2.d" -MT"BlueNRG_2/App/app_bluenrg_2.o" --specs=nano.specs -mfloat-abi=soft -mthumb -o "BlueNRG_2/App/app_bluenrg_2.o"
arm-none-eabi-gcc "../BlueNRG_2/App/gatt_db.c" -mcpu=cortex-m0 -std=gnu11 -g3 -DDEBUG -DUSE_HAL_DRIVER -DSTM32F072xB -c -I../Core/Inc -I../Drivers/STM32F0xx_HAL_Driver/Inc -I../Drivers/STM32F0xx_HAL_Driver/Inc/Legacy -I../Drivers/CMSIS/Device/ST/STM32F0xx/Include -I../Drivers/CMSIS/Include -I../BlueNRG_2/App -I../BlueNRG_2/Target -I../Drivers/BSP/STM32F0xx_Nucleo -I../Middlewares/ST/BlueNRG-2/hci/hci_tl_patterns/Basic -I../Middlewares/ST/BlueNRG-2/utils -I../Middlewares/ST/BlueNRG-2/includes -O0 -ffunction-sections -fdata-sections -Wall -fstack-usage -fcyclomatic-complexity -MMD -MP -MF"BlueNRG_2/App/gatt_db.d" -MT"BlueNRG_2/App/gatt_db.o" --specs=nano.specs -mfloat-abi=soft -mthumb -o "BlueNRG_2/App/gatt_db.o"
arm-none-eabi-gcc "../BlueNRG_2/App/sensor.c" -mcpu=cortex-m0 -std=gnu11 -g3 -DDEBUG -DUSE_HAL_DRIVER -DSTM32F072xB -c -I../Core/Inc -I../Drivers/STM32F0xx_HAL_Driver/Inc -I../Drivers/STM32F0xx_HAL_Driver/Inc/Legacy -I../Drivers/CMSIS/Device/ST/STM32F0xx/Include -I../Drivers/CMSIS/Include -I../BlueNRG_2/App -I../BlueNRG_2/Target -I../Drivers/BSP/STM32F0xx_Nucleo -I../Middlewares/ST/BlueNRG-2/hci/hci_tl_patterns/Basic -I../Middlewares/ST/BlueNRG-2/utils -I../Middlewares/ST/BlueNRG-2/includes -O0 -ffunction-sections -fdata-sections -Wall -fstack-usage -fcyclomatic-complexity -MMD -MP -MF"BlueNRG_2/App/sensor.d" -MT"BlueNRG_2/App/sensor.o" --specs=nano.specs -mfloat-abi=soft -mthumb -o "BlueNRG_2/App/sensor.o"
arm-none-eabi-gcc -o "BLE_test.elf" @"objects.list"   -mcpu=cortex-m0 -T"P:\Projet\S8\workspace_BLE\BLE_test\STM32F072RBTX_FLASH.ld" --specs=nosys.specs -Wl,-Map="BLE_test.map" -Wl,--gc-sections -static --specs=nano.specs -mfloat-abi=soft -mthumb -Wl,--start-group -lc -lm -Wl,--end-group
Finished building target: BLE_test.elf
 
arm-none-eabi-size   BLE_test.elf 
arm-none-eabi-objdump -h -S  BLE_test.elf  > "BLE_test.list"
   text	   data	    bss	    dec	    hex	filename
  48096	    144	   3664	  51904	   cac0	BLE_test.elf
Finished building: default.size.stdout
 
Finished building: BLE_test.list
 
14:39:17 **** Incremental Build of configuration Debug for project BLE_test ****
make -j8 all 
arm-none-eabi-size   BLE_test.elf 
   text	   data	    bss	    dec	    hex	filename
  48096	    144	   3664	  51904	   cac0	BLE_test.elf
Finished building: default.size.stdout
 
14:39:31 **** Incremental Build of configuration Debug for project BLE_test ****
make -j8 all 
arm-none-eabi-size   BLE_test.elf 
   text	   data	    bss	    dec	    hex	filename
  48096	    144	   3664	  51904	   cac0	BLE_test.elf
Finished building: default.size.stdout
 
14:40:16 **** Incremental Build of configuration Debug for project BLE_test ****
make -j8 all 
arm-none-eabi-size   BLE_test.elf 
   text	   data	    bss	    dec	    hex	filename
  48096	    144	   3664	  51904	   cac0	BLE_test.elf
Finished building: default.size.stdout
 
14:59:46 **** Incremental Build of configuration Debug for project BLE_test ****
make -j8 all 
arm-none-eabi-size   BLE_test.elf 
   text	   data	    bss	    dec	    hex	filename
  48096	    144	   3664	  51904	   cac0	BLE_test.elf
Finished building: default.size.stdout
 
